###############################################################################
#
# IAR ELF Linker V9.50.1.380/W64 for ARM                  15/Jan/2026  02:33:12
# Copyright 2007-2023 IAR Systems AB.
#
#    Output file  =
#        E:\Microcontroller\stm32\uc1698u_160x160_F407\EWARM\F407_FSMC_2\Exe\F407_FSMC_2.out
#    Map file     =
#        E:\Microcontroller\stm32\uc1698u_160x160_F407\EWARM\F407_FSMC_2\List\F407_FSMC_2.map
#    Command line =
#        -f
#        E:\Microcontroller\stm32\uc1698u_160x160_F407\EWARM\F407_FSMC_2\Exe\F407_FSMC_2.out.rsp
#        (E:\Microcontroller\stm32\uc1698u_160x160_F407\EWARM\F407_FSMC_2\Obj\Core_13247989168731456611.dir\crc.o
#        E:\Microcontroller\stm32\uc1698u_160x160_F407\EWARM\F407_FSMC_2\Obj\Core_13247989168731456611.dir\fsmc.o
#        E:\Microcontroller\stm32\uc1698u_160x160_F407\EWARM\F407_FSMC_2\Obj\Core_13247989168731456611.dir\gpio.o
#        E:\Microcontroller\stm32\uc1698u_160x160_F407\EWARM\F407_FSMC_2\Obj\Core_13247989168731456611.dir\main.o
#        E:\Microcontroller\stm32\uc1698u_160x160_F407\EWARM\F407_FSMC_2\Obj\u8g2_2410607877290784044.dir\mui.o
#        E:\Microcontroller\stm32\uc1698u_160x160_F407\EWARM\F407_FSMC_2\Obj\u8g2_2410607877290784044.dir\mui_u8g2.o
#        E:\Microcontroller\stm32\uc1698u_160x160_F407\EWARM\F407_FSMC_2\Obj\EWARM_18443280873093131863.dir\startup_stm32f407xx.o
#        E:\Microcontroller\stm32\uc1698u_160x160_F407\EWARM\F407_FSMC_2\Obj\STM32F4xx_HAL_Driver_1244631019742807970.dir\stm32f4xx_hal.o
#        E:\Microcontroller\stm32\uc1698u_160x160_F407\EWARM\F407_FSMC_2\Obj\STM32F4xx_HAL_Driver_1244631019742807970.dir\stm32f4xx_hal_cortex.o
#        E:\Microcontroller\stm32\uc1698u_160x160_F407\EWARM\F407_FSMC_2\Obj\STM32F4xx_HAL_Driver_1244631019742807970.dir\stm32f4xx_hal_crc.o
#        E:\Microcontroller\stm32\uc1698u_160x160_F407\EWARM\F407_FSMC_2\Obj\STM32F4xx_HAL_Driver_1244631019742807970.dir\stm32f4xx_hal_dma.o
#        E:\Microcontroller\stm32\uc1698u_160x160_F407\EWARM\F407_FSMC_2\Obj\STM32F4xx_HAL_Driver_1244631019742807970.dir\stm32f4xx_hal_dma_ex.o
#        E:\Microcontroller\stm32\uc1698u_160x160_F407\EWARM\F407_FSMC_2\Obj\STM32F4xx_HAL_Driver_1244631019742807970.dir\stm32f4xx_hal_exti.o
#        E:\Microcontroller\stm32\uc1698u_160x160_F407\EWARM\F407_FSMC_2\Obj\STM32F4xx_HAL_Driver_1244631019742807970.dir\stm32f4xx_hal_flash.o
#        E:\Microcontroller\stm32\uc1698u_160x160_F407\EWARM\F407_FSMC_2\Obj\STM32F4xx_HAL_Driver_1244631019742807970.dir\stm32f4xx_hal_flash_ex.o
#        E:\Microcontroller\stm32\uc1698u_160x160_F407\EWARM\F407_FSMC_2\Obj\STM32F4xx_HAL_Driver_1244631019742807970.dir\stm32f4xx_hal_flash_ramfunc.o
#        E:\Microcontroller\stm32\uc1698u_160x160_F407\EWARM\F407_FSMC_2\Obj\STM32F4xx_HAL_Driver_1244631019742807970.dir\stm32f4xx_hal_gpio.o
#        E:\Microcontroller\stm32\uc1698u_160x160_F407\EWARM\F407_FSMC_2\Obj\Core_13247989168731456611.dir\stm32f4xx_hal_msp.o
#        E:\Microcontroller\stm32\uc1698u_160x160_F407\EWARM\F407_FSMC_2\Obj\STM32F4xx_HAL_Driver_1244631019742807970.dir\stm32f4xx_hal_nand.o
#        E:\Microcontroller\stm32\uc1698u_160x160_F407\EWARM\F407_FSMC_2\Obj\STM32F4xx_HAL_Driver_1244631019742807970.dir\stm32f4xx_hal_nor.o
#        E:\Microcontroller\stm32\uc1698u_160x160_F407\EWARM\F407_FSMC_2\Obj\STM32F4xx_HAL_Driver_1244631019742807970.dir\stm32f4xx_hal_pccard.o
#        E:\Microcontroller\stm32\uc1698u_160x160_F407\EWARM\F407_FSMC_2\Obj\STM32F4xx_HAL_Driver_1244631019742807970.dir\stm32f4xx_hal_pwr.o
#        E:\Microcontroller\stm32\uc1698u_160x160_F407\EWARM\F407_FSMC_2\Obj\STM32F4xx_HAL_Driver_1244631019742807970.dir\stm32f4xx_hal_pwr_ex.o
#        E:\Microcontroller\stm32\uc1698u_160x160_F407\EWARM\F407_FSMC_2\Obj\STM32F4xx_HAL_Driver_1244631019742807970.dir\stm32f4xx_hal_rcc.o
#        E:\Microcontroller\stm32\uc1698u_160x160_F407\EWARM\F407_FSMC_2\Obj\STM32F4xx_HAL_Driver_1244631019742807970.dir\stm32f4xx_hal_rcc_ex.o
#        E:\Microcontroller\stm32\uc1698u_160x160_F407\EWARM\F407_FSMC_2\Obj\STM32F4xx_HAL_Driver_1244631019742807970.dir\stm32f4xx_hal_sram.o
#        E:\Microcontroller\stm32\uc1698u_160x160_F407\EWARM\F407_FSMC_2\Obj\Core_13247989168731456611.dir\stm32f4xx_it.o
#        E:\Microcontroller\stm32\uc1698u_160x160_F407\EWARM\F407_FSMC_2\Obj\STM32F4xx_HAL_Driver_1244631019742807970.dir\stm32f4xx_ll_exti.o
#        E:\Microcontroller\stm32\uc1698u_160x160_F407\EWARM\F407_FSMC_2\Obj\STM32F4xx_HAL_Driver_1244631019742807970.dir\stm32f4xx_ll_fsmc.o
#        E:\Microcontroller\stm32\uc1698u_160x160_F407\EWARM\F407_FSMC_2\Obj\STM32F4xx_HAL_Driver_1244631019742807970.dir\stm32f4xx_ll_gpio.o
#        E:\Microcontroller\stm32\uc1698u_160x160_F407\EWARM\F407_FSMC_2\Obj\STM32F4xx_HAL_Driver_1244631019742807970.dir\stm32f4xx_ll_rcc.o
#        E:\Microcontroller\stm32\uc1698u_160x160_F407\EWARM\F407_FSMC_2\Obj\STM32F4xx_HAL_Driver_1244631019742807970.dir\stm32f4xx_ll_utils.o
#        E:\Microcontroller\stm32\uc1698u_160x160_F407\EWARM\F407_FSMC_2\Obj\CMSIS_6603591812247902717.dir\system_stm32f4xx.o
#        E:\Microcontroller\stm32\uc1698u_160x160_F407\EWARM\F407_FSMC_2\Obj\u8g2_2410607877290784044.dir\u8g2_arc.o
#        E:\Microcontroller\stm32\uc1698u_160x160_F407\EWARM\F407_FSMC_2\Obj\u8g2_2410607877290784044.dir\u8g2_bitmap.o
#        E:\Microcontroller\stm32\uc1698u_160x160_F407\EWARM\F407_FSMC_2\Obj\u8g2_2410607877290784044.dir\u8g2_box.o
#        E:\Microcontroller\stm32\uc1698u_160x160_F407\EWARM\F407_FSMC_2\Obj\u8g2_2410607877290784044.dir\u8g2_buffer.o
#        E:\Microcontroller\stm32\uc1698u_160x160_F407\EWARM\F407_FSMC_2\Obj\u8g2_2410607877290784044.dir\u8g2_button.o
#        E:\Microcontroller\stm32\uc1698u_160x160_F407\EWARM\F407_FSMC_2\Obj\u8g2_2410607877290784044.dir\u8g2_circle.o
#        E:\Microcontroller\stm32\uc1698u_160x160_F407\EWARM\F407_FSMC_2\Obj\u8g2_2410607877290784044.dir\u8g2_cleardisplay.o
#        E:\Microcontroller\stm32\uc1698u_160x160_F407\EWARM\F407_FSMC_2\Obj\u8g2_2410607877290784044.dir\u8g2_d_memory.o
#        E:\Microcontroller\stm32\uc1698u_160x160_F407\EWARM\F407_FSMC_2\Obj\u8g2_2410607877290784044.dir\u8g2_d_setup.o
#        E:\Microcontroller\stm32\uc1698u_160x160_F407\EWARM\F407_FSMC_2\Obj\u8g2_2410607877290784044.dir\u8g2_font.o
#        E:\Microcontroller\stm32\uc1698u_160x160_F407\EWARM\F407_FSMC_2\Obj\u8g2_2410607877290784044.dir\u8g2_fonts.o
#        E:\Microcontroller\stm32\uc1698u_160x160_F407\EWARM\F407_FSMC_2\Obj\u8g2_2410607877290784044.dir\u8g2_hvline.o
#        E:\Microcontroller\stm32\uc1698u_160x160_F407\EWARM\F407_FSMC_2\Obj\u8g2_2410607877290784044.dir\u8g2_input_value.o
#        E:\Microcontroller\stm32\uc1698u_160x160_F407\EWARM\F407_FSMC_2\Obj\u8g2_2410607877290784044.dir\u8g2_intersection.o
#        E:\Microcontroller\stm32\uc1698u_160x160_F407\EWARM\F407_FSMC_2\Obj\u8g2_2410607877290784044.dir\u8g2_kerning.o
#        E:\Microcontroller\stm32\uc1698u_160x160_F407\EWARM\F407_FSMC_2\Obj\u8g2_2410607877290784044.dir\u8g2_line.o
#        E:\Microcontroller\stm32\uc1698u_160x160_F407\EWARM\F407_FSMC_2\Obj\u8g2_2410607877290784044.dir\u8g2_ll_hvline.o
#        E:\Microcontroller\stm32\uc1698u_160x160_F407\EWARM\F407_FSMC_2\Obj\u8g2_2410607877290784044.dir\u8g2_message.o
#        E:\Microcontroller\stm32\uc1698u_160x160_F407\EWARM\F407_FSMC_2\Obj\u8g2_2410607877290784044.dir\u8g2_polygon.o
#        E:\Microcontroller\stm32\uc1698u_160x160_F407\EWARM\F407_FSMC_2\Obj\u8g2_2410607877290784044.dir\u8g2_selection_list.o
#        E:\Microcontroller\stm32\uc1698u_160x160_F407\EWARM\F407_FSMC_2\Obj\u8g2_2410607877290784044.dir\u8g2_setup.o
#        E:\Microcontroller\stm32\uc1698u_160x160_F407\EWARM\F407_FSMC_2\Obj\u8g2_2410607877290784044.dir\u8g_arm.o
#        E:\Microcontroller\stm32\uc1698u_160x160_F407\EWARM\F407_FSMC_2\Obj\u8g2_2410607877290784044.dir\u8log.o
#        E:\Microcontroller\stm32\uc1698u_160x160_F407\EWARM\F407_FSMC_2\Obj\u8g2_2410607877290784044.dir\u8log_u8g2.o
#        E:\Microcontroller\stm32\uc1698u_160x160_F407\EWARM\F407_FSMC_2\Obj\u8g2_2410607877290784044.dir\u8log_u8x8.o
#        E:\Microcontroller\stm32\uc1698u_160x160_F407\EWARM\F407_FSMC_2\Obj\u8g2_2410607877290784044.dir\u8x8_8x8.o
#        E:\Microcontroller\stm32\uc1698u_160x160_F407\EWARM\F407_FSMC_2\Obj\u8g2_2410607877290784044.dir\u8x8_byte.o
#        E:\Microcontroller\stm32\uc1698u_160x160_F407\EWARM\F407_FSMC_2\Obj\u8g2_2410607877290784044.dir\u8x8_cad.o
#        E:\Microcontroller\stm32\uc1698u_160x160_F407\EWARM\F407_FSMC_2\Obj\u8g2_2410607877290784044.dir\u8x8_capture.o
#        E:\Microcontroller\stm32\uc1698u_160x160_F407\EWARM\F407_FSMC_2\Obj\u8g2_2410607877290784044.dir\u8x8_d_a2printer.o
#        E:\Microcontroller\stm32\uc1698u_160x160_F407\EWARM\F407_FSMC_2\Obj\u8g2_2410607877290784044.dir\u8x8_d_ch1120.o
#        E:\Microcontroller\stm32\uc1698u_160x160_F407\EWARM\F407_FSMC_2\Obj\u8g2_2410607877290784044.dir\u8x8_d_gp1247ai.o
#        E:\Microcontroller\stm32\uc1698u_160x160_F407\EWARM\F407_FSMC_2\Obj\u8g2_2410607877290784044.dir\u8x8_d_gp1287ai.o
#        E:\Microcontroller\stm32\uc1698u_160x160_F407\EWARM\F407_FSMC_2\Obj\u8g2_2410607877290784044.dir\u8x8_d_gp1294ai.o
#        E:\Microcontroller\stm32\uc1698u_160x160_F407\EWARM\F407_FSMC_2\Obj\u8g2_2410607877290784044.dir\u8x8_d_gu800.o
#        E:\Microcontroller\stm32\uc1698u_160x160_F407\EWARM\F407_FSMC_2\Obj\u8g2_2410607877290784044.dir\u8x8_d_hd44102.o
#        E:\Microcontroller\stm32\uc1698u_160x160_F407\EWARM\F407_FSMC_2\Obj\u8g2_2410607877290784044.dir\u8x8_d_il3820_296x128.o
#        E:\Microcontroller\stm32\uc1698u_160x160_F407\EWARM\F407_FSMC_2\Obj\u8g2_2410607877290784044.dir\u8x8_d_ist3020.o
#        E:\Microcontroller\stm32\uc1698u_160x160_F407\EWARM\F407_FSMC_2\Obj\u8g2_2410607877290784044.dir\u8x8_d_ist3088.o
#        E:\Microcontroller\stm32\uc1698u_160x160_F407\EWARM\F407_FSMC_2\Obj\u8g2_2410607877290784044.dir\u8x8_d_ist7920.o
#        E:\Microcontroller\stm32\uc1698u_160x160_F407\EWARM\F407_FSMC_2\Obj\u8g2_2410607877290784044.dir\u8x8_d_ks0108.o
#        E:\Microcontroller\stm32\uc1698u_160x160_F407\EWARM\F407_FSMC_2\Obj\u8g2_2410607877290784044.dir\u8x8_d_lc7981.o
#        E:\Microcontroller\stm32\uc1698u_160x160_F407\EWARM\F407_FSMC_2\Obj\u8g2_2410607877290784044.dir\u8x8_d_ld7032_60x32.o
#        E:\Microcontroller\stm32\uc1698u_160x160_F407\EWARM\F407_FSMC_2\Obj\u8g2_2410607877290784044.dir\u8x8_d_ls013b7dh03.o
#        E:\Microcontroller\stm32\uc1698u_160x160_F407\EWARM\F407_FSMC_2\Obj\u8g2_2410607877290784044.dir\u8x8_d_max7219.o
#        E:\Microcontroller\stm32\uc1698u_160x160_F407\EWARM\F407_FSMC_2\Obj\u8g2_2410607877290784044.dir\u8x8_d_pcd8544_84x48.o
#        E:\Microcontroller\stm32\uc1698u_160x160_F407\EWARM\F407_FSMC_2\Obj\u8g2_2410607877290784044.dir\u8x8_d_pcf8812.o
#        E:\Microcontroller\stm32\uc1698u_160x160_F407\EWARM\F407_FSMC_2\Obj\u8g2_2410607877290784044.dir\u8x8_d_pcf8814_hx1230.o
#        E:\Microcontroller\stm32\uc1698u_160x160_F407\EWARM\F407_FSMC_2\Obj\u8g2_2410607877290784044.dir\u8x8_d_s1d15300.o
#        E:\Microcontroller\stm32\uc1698u_160x160_F407\EWARM\F407_FSMC_2\Obj\u8g2_2410607877290784044.dir\u8x8_d_s1d15721.o
#        E:\Microcontroller\stm32\uc1698u_160x160_F407\EWARM\F407_FSMC_2\Obj\u8g2_2410607877290784044.dir\u8x8_d_s1d15e06.o
#        E:\Microcontroller\stm32\uc1698u_160x160_F407\EWARM\F407_FSMC_2\Obj\u8g2_2410607877290784044.dir\u8x8_d_sbn1661.o
#        E:\Microcontroller\stm32\uc1698u_160x160_F407\EWARM\F407_FSMC_2\Obj\u8g2_2410607877290784044.dir\u8x8_d_sed1330.o
#        E:\Microcontroller\stm32\uc1698u_160x160_F407\EWARM\F407_FSMC_2\Obj\u8g2_2410607877290784044.dir\u8x8_d_sh1106_64x32.o
#        E:\Microcontroller\stm32\uc1698u_160x160_F407\EWARM\F407_FSMC_2\Obj\u8g2_2410607877290784044.dir\u8x8_d_sh1106_72x40.o
#        E:\Microcontroller\stm32\uc1698u_160x160_F407\EWARM\F407_FSMC_2\Obj\u8g2_2410607877290784044.dir\u8x8_d_sh1107.o
#        E:\Microcontroller\stm32\uc1698u_160x160_F407\EWARM\F407_FSMC_2\Obj\u8g2_2410607877290784044.dir\u8x8_d_sh1108.o
#        E:\Microcontroller\stm32\uc1698u_160x160_F407\EWARM\F407_FSMC_2\Obj\u8g2_2410607877290784044.dir\u8x8_d_sh1122.o
#        E:\Microcontroller\stm32\uc1698u_160x160_F407\EWARM\F407_FSMC_2\Obj\u8g2_2410607877290784044.dir\u8x8_d_ssd1305.o
#        E:\Microcontroller\stm32\uc1698u_160x160_F407\EWARM\F407_FSMC_2\Obj\u8g2_2410607877290784044.dir\u8x8_d_ssd1306_128x32.o
#        E:\Microcontroller\stm32\uc1698u_160x160_F407\EWARM\F407_FSMC_2\Obj\u8g2_2410607877290784044.dir\u8x8_d_ssd1306_128x64_noname.o
#        E:\Microcontroller\stm32\uc1698u_160x160_F407\EWARM\F407_FSMC_2\Obj\u8g2_2410607877290784044.dir\u8x8_d_ssd1306_2040x16.o
#        E:\Microcontroller\stm32\uc1698u_160x160_F407\EWARM\F407_FSMC_2\Obj\u8g2_2410607877290784044.dir\u8x8_d_ssd1306_48x64.o
#        E:\Microcontroller\stm32\uc1698u_160x160_F407\EWARM\F407_FSMC_2\Obj\u8g2_2410607877290784044.dir\u8x8_d_ssd1306_64x32.o
#        E:\Microcontroller\stm32\uc1698u_160x160_F407\EWARM\F407_FSMC_2\Obj\u8g2_2410607877290784044.dir\u8x8_d_ssd1306_64x48.o
#        E:\Microcontroller\stm32\uc1698u_160x160_F407\EWARM\F407_FSMC_2\Obj\u8g2_2410607877290784044.dir\u8x8_d_ssd1306_72x40.o
#        E:\Microcontroller\stm32\uc1698u_160x160_F407\EWARM\F407_FSMC_2\Obj\u8g2_2410607877290784044.dir\u8x8_d_ssd1306_96x16.o
#        E:\Microcontroller\stm32\uc1698u_160x160_F407\EWARM\F407_FSMC_2\Obj\u8g2_2410607877290784044.dir\u8x8_d_ssd1306_96x40.o
#        E:\Microcontroller\stm32\uc1698u_160x160_F407\EWARM\F407_FSMC_2\Obj\u8g2_2410607877290784044.dir\u8x8_d_ssd1309.o
#        E:\Microcontroller\stm32\uc1698u_160x160_F407\EWARM\F407_FSMC_2\Obj\u8g2_2410607877290784044.dir\u8x8_d_ssd1312.o
#        E:\Microcontroller\stm32\uc1698u_160x160_F407\EWARM\F407_FSMC_2\Obj\u8g2_2410607877290784044.dir\u8x8_d_ssd1315_128x64_noname.o
#        E:\Microcontroller\stm32\uc1698u_160x160_F407\EWARM\F407_FSMC_2\Obj\u8g2_2410607877290784044.dir\u8x8_d_ssd1316.o
#        E:\Microcontroller\stm32\uc1698u_160x160_F407\EWARM\F407_FSMC_2\Obj\u8g2_2410607877290784044.dir\u8x8_d_ssd1317.o
#        E:\Microcontroller\stm32\uc1698u_160x160_F407\EWARM\F407_FSMC_2\Obj\u8g2_2410607877290784044.dir\u8x8_d_ssd1318.o
#        E:\Microcontroller\stm32\uc1698u_160x160_F407\EWARM\F407_FSMC_2\Obj\u8g2_2410607877290784044.dir\u8x8_d_ssd1320.o
#        E:\Microcontroller\stm32\uc1698u_160x160_F407\EWARM\F407_FSMC_2\Obj\u8g2_2410607877290784044.dir\u8x8_d_ssd1322.o
#        E:\Microcontroller\stm32\uc1698u_160x160_F407\EWARM\F407_FSMC_2\Obj\u8g2_2410607877290784044.dir\u8x8_d_ssd1325.o
#        E:\Microcontroller\stm32\uc1698u_160x160_F407\EWARM\F407_FSMC_2\Obj\u8g2_2410607877290784044.dir\u8x8_d_ssd1326.o
#        E:\Microcontroller\stm32\uc1698u_160x160_F407\EWARM\F407_FSMC_2\Obj\u8g2_2410607877290784044.dir\u8x8_d_ssd1327.o
#        E:\Microcontroller\stm32\uc1698u_160x160_F407\EWARM\F407_FSMC_2\Obj\u8g2_2410607877290784044.dir\u8x8_d_ssd1329.o
#        E:\Microcontroller\stm32\uc1698u_160x160_F407\EWARM\F407_FSMC_2\Obj\u8g2_2410607877290784044.dir\u8x8_d_ssd1362.o
#        E:\Microcontroller\stm32\uc1698u_160x160_F407\EWARM\F407_FSMC_2\Obj\u8g2_2410607877290784044.dir\u8x8_d_ssd1363.o
#        E:\Microcontroller\stm32\uc1698u_160x160_F407\EWARM\F407_FSMC_2\Obj\u8g2_2410607877290784044.dir\u8x8_d_ssd1606_172x72.o
#        E:\Microcontroller\stm32\uc1698u_160x160_F407\EWARM\F407_FSMC_2\Obj\u8g2_2410607877290784044.dir\u8x8_d_ssd1607_200x200.o
#        E:\Microcontroller\stm32\uc1698u_160x160_F407\EWARM\F407_FSMC_2\Obj\u8g2_2410607877290784044.dir\u8x8_d_st7302.o
#        E:\Microcontroller\stm32\uc1698u_160x160_F407\EWARM\F407_FSMC_2\Obj\u8g2_2410607877290784044.dir\u8x8_d_st7305.o
#        E:\Microcontroller\stm32\uc1698u_160x160_F407\EWARM\F407_FSMC_2\Obj\u8g2_2410607877290784044.dir\u8x8_d_st7511.o
#        E:\Microcontroller\stm32\uc1698u_160x160_F407\EWARM\F407_FSMC_2\Obj\u8g2_2410607877290784044.dir\u8x8_d_st75160.o
#        E:\Microcontroller\stm32\uc1698u_160x160_F407\EWARM\F407_FSMC_2\Obj\u8g2_2410607877290784044.dir\u8x8_d_st75161.o
#        E:\Microcontroller\stm32\uc1698u_160x160_F407\EWARM\F407_FSMC_2\Obj\u8g2_2410607877290784044.dir\u8x8_d_st75256.o
#        E:\Microcontroller\stm32\uc1698u_160x160_F407\EWARM\F407_FSMC_2\Obj\u8g2_2410607877290784044.dir\u8x8_d_st7528.o
#        E:\Microcontroller\stm32\uc1698u_160x160_F407\EWARM\F407_FSMC_2\Obj\u8g2_2410607877290784044.dir\u8x8_d_st75320.o
#        E:\Microcontroller\stm32\uc1698u_160x160_F407\EWARM\F407_FSMC_2\Obj\u8g2_2410607877290784044.dir\u8x8_d_st7539.o
#        E:\Microcontroller\stm32\uc1698u_160x160_F407\EWARM\F407_FSMC_2\Obj\u8g2_2410607877290784044.dir\u8x8_d_st7565.o
#        E:\Microcontroller\stm32\uc1698u_160x160_F407\EWARM\F407_FSMC_2\Obj\u8g2_2410607877290784044.dir\u8x8_d_st7567.o
#        E:\Microcontroller\stm32\uc1698u_160x160_F407\EWARM\F407_FSMC_2\Obj\u8g2_2410607877290784044.dir\u8x8_d_st7571.o
#        E:\Microcontroller\stm32\uc1698u_160x160_F407\EWARM\F407_FSMC_2\Obj\u8g2_2410607877290784044.dir\u8x8_d_st7586s_erc240160.o
#        E:\Microcontroller\stm32\uc1698u_160x160_F407\EWARM\F407_FSMC_2\Obj\u8g2_2410607877290784044.dir\u8x8_d_st7586s_jlx320160.o
#        E:\Microcontroller\stm32\uc1698u_160x160_F407\EWARM\F407_FSMC_2\Obj\u8g2_2410607877290784044.dir\u8x8_d_st7586s_jlx384160.o
#        E:\Microcontroller\stm32\uc1698u_160x160_F407\EWARM\F407_FSMC_2\Obj\u8g2_2410607877290784044.dir\u8x8_d_st7586s_md240128.o
#        E:\Microcontroller\stm32\uc1698u_160x160_F407\EWARM\F407_FSMC_2\Obj\u8g2_2410607877290784044.dir\u8x8_d_st7586s_s028hn118a.o
#        E:\Microcontroller\stm32\uc1698u_160x160_F407\EWARM\F407_FSMC_2\Obj\u8g2_2410607877290784044.dir\u8x8_d_st7586s_ymc240160.o
#        E:\Microcontroller\stm32\uc1698u_160x160_F407\EWARM\F407_FSMC_2\Obj\u8g2_2410607877290784044.dir\u8x8_d_st7588.o
#        E:\Microcontroller\stm32\uc1698u_160x160_F407\EWARM\F407_FSMC_2\Obj\u8g2_2410607877290784044.dir\u8x8_d_st7920.o
#        E:\Microcontroller\stm32\uc1698u_160x160_F407\EWARM\F407_FSMC_2\Obj\u8g2_2410607877290784044.dir\u8x8_d_stdio.o
#        E:\Microcontroller\stm32\uc1698u_160x160_F407\EWARM\F407_FSMC_2\Obj\u8g2_2410607877290784044.dir\u8x8_d_t6963.o
#        E:\Microcontroller\stm32\uc1698u_160x160_F407\EWARM\F407_FSMC_2\Obj\u8g2_2410607877290784044.dir\u8x8_d_uc1601.o
#        E:\Microcontroller\stm32\uc1698u_160x160_F407\EWARM\F407_FSMC_2\Obj\u8g2_2410607877290784044.dir\u8x8_d_uc1604.o
#        E:\Microcontroller\stm32\uc1698u_160x160_F407\EWARM\F407_FSMC_2\Obj\u8g2_2410607877290784044.dir\u8x8_d_uc1608.o
#        E:\Microcontroller\stm32\uc1698u_160x160_F407\EWARM\F407_FSMC_2\Obj\u8g2_2410607877290784044.dir\u8x8_d_uc1609.o
#        E:\Microcontroller\stm32\uc1698u_160x160_F407\EWARM\F407_FSMC_2\Obj\u8g2_2410607877290784044.dir\u8x8_d_uc1610.o
#        E:\Microcontroller\stm32\uc1698u_160x160_F407\EWARM\F407_FSMC_2\Obj\u8g2_2410607877290784044.dir\u8x8_d_uc1611.o
#        E:\Microcontroller\stm32\uc1698u_160x160_F407\EWARM\F407_FSMC_2\Obj\u8g2_2410607877290784044.dir\u8x8_d_uc1617.o
#        E:\Microcontroller\stm32\uc1698u_160x160_F407\EWARM\F407_FSMC_2\Obj\u8g2_2410607877290784044.dir\u8x8_d_uc1628.o
#        E:\Microcontroller\stm32\uc1698u_160x160_F407\EWARM\F407_FSMC_2\Obj\u8g2_2410607877290784044.dir\u8x8_d_uc1638.o
#        E:\Microcontroller\stm32\uc1698u_160x160_F407\EWARM\F407_FSMC_2\Obj\u8g2_2410607877290784044.dir\u8x8_d_uc1701_dogs102.o
#        E:\Microcontroller\stm32\uc1698u_160x160_F407\EWARM\F407_FSMC_2\Obj\u8g2_2410607877290784044.dir\u8x8_d_uc1701_mini12864.o
#        E:\Microcontroller\stm32\uc1698u_160x160_F407\EWARM\F407_FSMC_2\Obj\u8g2_2410607877290784044.dir\u8x8_debounce.o
#        E:\Microcontroller\stm32\uc1698u_160x160_F407\EWARM\F407_FSMC_2\Obj\u8g2_2410607877290784044.dir\u8x8_display.o
#        E:\Microcontroller\stm32\uc1698u_160x160_F407\EWARM\F407_FSMC_2\Obj\u8g2_2410607877290784044.dir\u8x8_fonts.o
#        E:\Microcontroller\stm32\uc1698u_160x160_F407\EWARM\F407_FSMC_2\Obj\u8g2_2410607877290784044.dir\u8x8_gpio.o
#        E:\Microcontroller\stm32\uc1698u_160x160_F407\EWARM\F407_FSMC_2\Obj\u8g2_2410607877290784044.dir\u8x8_input_value.o
#        E:\Microcontroller\stm32\uc1698u_160x160_F407\EWARM\F407_FSMC_2\Obj\u8g2_2410607877290784044.dir\u8x8_message.o
#        E:\Microcontroller\stm32\uc1698u_160x160_F407\EWARM\F407_FSMC_2\Obj\u8g2_2410607877290784044.dir\u8x8_selection_list.o
#        E:\Microcontroller\stm32\uc1698u_160x160_F407\EWARM\F407_FSMC_2\Obj\u8g2_2410607877290784044.dir\u8x8_setup.o
#        E:\Microcontroller\stm32\uc1698u_160x160_F407\EWARM\F407_FSMC_2\Obj\u8g2_2410607877290784044.dir\u8x8_string.o
#        E:\Microcontroller\stm32\uc1698u_160x160_F407\EWARM\F407_FSMC_2\Obj\u8g2_2410607877290784044.dir\u8x8_u16toa.o
#        E:\Microcontroller\stm32\uc1698u_160x160_F407\EWARM\F407_FSMC_2\Obj\u8g2_2410607877290784044.dir\u8x8_u8toa.o
#        E:\Microcontroller\stm32\uc1698u_160x160_F407\EWARM\F407_FSMC_2\Obj\uc1698u_4896478760023267370.dir\uc1698u.o
#        --no_out_extension -o
#        E:\Microcontroller\stm32\uc1698u_160x160_F407\EWARM\F407_FSMC_2\Exe\F407_FSMC_2.out
#        --redirect _Printf=_PrintfFullNoMb --redirect _Scanf=_ScanfFullNoMb
#        --map
#        E:\Microcontroller\stm32\uc1698u_160x160_F407\EWARM\F407_FSMC_2\List\F407_FSMC_2.map
#        --config
#        E:\Microcontroller\stm32\uc1698u_160x160_F407\EWARM/stm32f407xx_flash.icf
#        --semihosting --entry __iar_program_start --vfe --text_out locale
#        --cpu=Cortex-M4 --fpu=VFPv4_sp) --dependencies=n
#        E:\Microcontroller\stm32\uc1698u_160x160_F407\EWARM\F407_FSMC_2\Exe\F407_FSMC_2.out.iar_deps
#
###############################################################################

*******************************************************************************
*** RUNTIME MODEL ATTRIBUTES
***

CppFlavor       = *
__CPP_Runtime   = 1
__SystemLibrary = DLib
__dlib_version  = 6


*******************************************************************************
*** HEAP SELECTION
***

The basic heap was selected because --advanced_heap
was not specified and the application did not appear to
be primarily optimized for speed.


*******************************************************************************
*** PLACEMENT SUMMARY
***

"A0":  place at address 0x800'0000 { ro section .intvec };
"P1":  place in [from 0x800'0000 to 0x80f'ffff] { ro };
define block CSTACK with size = 1K, alignment = 8 { };
define block HEAP with size = 512, alignment = 8 { };
"P2":  place in [from 0x2000'0000 to 0x2001'ffff] {
          rw, block CSTACK, block HEAP };
initialize by copy { rw };

  Section            Kind         Address  Aligment    Size  Object
  -------            ----         -------  --------    ----  ------
"A0":                                                 0x188
  .intvec            ro code   0x800'0000         4   0x188  startup_stm32f407xx.o [3]
                             - 0x800'0188             0x188

"P1":                                                0x1e54
  .text              ro code   0x800'0188         4   0x3c0  u8x8_d_uc1611.o [5]
  .text              ro code   0x800'0548         4   0x156  u8x8_cad.o [5]
  .text              ro code   0x800'069e         2    0x2a  copy_init3.o [9]
  .text              ro code   0x800'06c8         4    0xe2  u8x8_display.o [5]
  .text              ro code   0x800'07aa         2    0x1a  u8x8_gpio.o [5]
  .text              ro code   0x800'07c4         4    0x3e  u8x8_byte.o [5]
  .text              ro code   0x800'0804         4   0x258  stm32f4xx_hal_gpio.o [4]
  .text              ro code   0x800'0a5c         4   0x204  main.o [2]
  .text              ro code   0x800'0c60         4    0x34  stm32f4xx_hal.o [4]
  .text              ro code   0x800'0c94         4    0x78  gpio.o [2]
  .text              ro code   0x800'0d0c         4   0x118  fsmc.o [2]
  .text              ro code   0x800'0e24         4    0x48  crc.o [2]
  .text              ro code   0x800'0e6c         4    0x48  u8g2_d_setup.o [5]
  .text              ro code   0x800'0eb4         4    0x18  u8g2_font.o [5]
  .text              ro code   0x800'0ecc         4    0x2c  uc1698u.o [6]
  .text              ro code   0x800'0ef8         4    0xc0  u8g2_buffer.o [5]
  .text              ro code   0x800'0fb8         2    0x54  u8g2_box.o [5]
  .text              ro code   0x800'100c         4    0x28  stm32f4xx_hal.o [4]
  .text              ro code   0x800'1034         4     0xc  stm32f4xx_ll_utils.o [4]
  .text              ro code   0x800'1040         4    0x4c  stm32f4xx_hal.o [4]
  .text              ro code   0x800'108c         4   0x12c  stm32f4xx_hal_cortex.o [4]
  .text              ro code   0x800'11b8         4    0x40  stm32f4xx_hal_msp.o [2]
  .text              ro code   0x800'11f8         4    0x66  ABImemset.o [9]
  .text              ro code   0x800'1260         4   0x18e  stm32f4xx_ll_gpio.o [4]
  .text              ro code   0x800'13f0         4    0x62  stm32f4xx_hal_sram.o [4]
  .text              ro code   0x800'1452         2    0x24  stm32f4xx_hal_crc.o [4]
  .text              ro code   0x800'1478         4    0x66  u8x8_setup.o [5]
  .text              ro code   0x800'14e0         4    0x10  u8g2_d_memory.o [5]
  .text              ro code   0x800'14f0         4   0x1ca  u8g2_setup.o [5]
  .text              ro code   0x800'16ba         2    0x9c  u8g2_intersection.o [5]
  .text              ro code   0x800'1756         2   0x182  u8g2_hvline.o [5]
  .text              ro code   0x800'18d8         4     0xc  stm32f4xx_hal.o [4]
  .text              ro code   0x800'18e4         4    0xf4  stm32f4xx_ll_fsmc.o [4]
  .text              ro code   0x800'19d8         4   0x18c  u8g_arm.o [5]
  .text              ro code   0x800'1b64         2    0xf6  u8g2_ll_hvline.o [5]
  .rodata            const     0x800'1c5c         4    0x54  u8x8_d_uc1611.o [5]
  .text              ro code   0x800'1cb0         2    0x38  zero_init3.o [9]
  .text              ro code   0x800'1ce8         4    0x2c  iarttio.o [10]
  .text              ro code   0x800'1d14         4     0x8  XShttio.o [7]
  .text              ro code   0x800'1d1c         4    0x2a  data_init.o [9]
  .text              ro code   0x800'1d48         4    0x22  fpinit_M.o [8]
  .iar.init_table    const     0x800'1d6c         4    0x24  - Linker created -
  .text              ro code   0x800'1d90         4    0x1e  cmain.o [9]
  .text              ro code   0x800'1dae         2     0x4  low_level_init.o [7]
  .text              ro code   0x800'1db2         2     0x4  exit.o [7]
  .text              ro code   0x800'1db8         4     0xa  cexit.o [9]
  .text              ro code   0x800'1dc4         4    0x14  exit.o [10]
  .text              ro code   0x800'1dd8         4    0x1c  cstartup_M.o [9]
  .rodata            const     0x800'1df4         4    0x18  u8x8_d_uc1611.o [5]
  .text              ro code   0x800'1e0c         4    0x18  stm32f4xx_hal.o [4]
  .text              ro code   0x800'1e24         2    0x18  stm32f4xx_it.o [2]
  Initializer bytes  const     0x800'1e3c         4    0x14  <for P2-1>
  .text              ro code   0x800'1e50         4    0x10  startup_stm32f407xx.o [3]
  .text              ro code   0x800'1e60         4    0x10  system_stm32f4xx.o [1]
  .rodata            const     0x800'1e70         4     0xc  u8g2_setup.o [5]
  .rodata            const     0x800'1e7c         4     0x8  u8x8_d_uc1611.o [5]
  .rodata            const     0x800'1e84         4     0x8  u8x8_d_uc1611.o [5]
  .rodata            const     0x800'1e8c         4     0x8  u8x8_d_uc1611.o [5]
  .rodata            const     0x800'1e94         4     0x4  u8x8_d_uc1611.o [5]
  .text              ro code   0x800'1e98         2     0x4  startup_stm32f407xx.o [3]
  .text              ro code   0x800'1e9c         2     0x4  startup_stm32f407xx.o [3]
  .text              ro code   0x800'1ea0         2     0x4  startup_stm32f407xx.o [3]
  .text              ro code   0x800'1ea4         2     0x4  startup_stm32f407xx.o [3]
  .text              ro code   0x800'1ea8         2     0x4  startup_stm32f407xx.o [3]
  .text              ro code   0x800'1eac         2     0x4  startup_stm32f407xx.o [3]
  .text              ro code   0x800'1eb0         2     0x4  startup_stm32f407xx.o [3]
  .text              ro code   0x800'1eb4         2     0x4  startup_stm32f407xx.o [3]
  .text              ro code   0x800'1eb8         2     0x4  startup_stm32f407xx.o [3]
  .text              ro code   0x800'1ebc         2     0x4  startup_stm32f407xx.o [3]
  .text              ro code   0x800'1ec0         2     0x4  startup_stm32f407xx.o [3]
  .text              ro code   0x800'1ec4         2     0x4  startup_stm32f407xx.o [3]
  .text              ro code   0x800'1ec8         2     0x4  startup_stm32f407xx.o [3]
  .text              ro code   0x800'1ecc         2     0x4  startup_stm32f407xx.o [3]
  .text              ro code   0x800'1ed0         2     0x4  startup_stm32f407xx.o [3]
  .text              ro code   0x800'1ed4         2     0x4  startup_stm32f407xx.o [3]
  .text              ro code   0x800'1ed8         2     0x4  startup_stm32f407xx.o [3]
  .text              ro code   0x800'1edc         2     0x4  startup_stm32f407xx.o [3]
  .text              ro code   0x800'1ee0         2     0x4  startup_stm32f407xx.o [3]
  .text              ro code   0x800'1ee4         2     0x4  startup_stm32f407xx.o [3]
  .text              ro code   0x800'1ee8         2     0x4  startup_stm32f407xx.o [3]
  .text              ro code   0x800'1eec         2     0x4  startup_stm32f407xx.o [3]
  .text              ro code   0x800'1ef0         2     0x4  startup_stm32f407xx.o [3]
  .text              ro code   0x800'1ef4         2     0x4  startup_stm32f407xx.o [3]
  .text              ro code   0x800'1ef8         2     0x4  startup_stm32f407xx.o [3]
  .text              ro code   0x800'1efc         2     0x4  startup_stm32f407xx.o [3]
  .text              ro code   0x800'1f00         2     0x4  startup_stm32f407xx.o [3]
  .text              ro code   0x800'1f04         2     0x4  startup_stm32f407xx.o [3]
  .text              ro code   0x800'1f08         2     0x4  startup_stm32f407xx.o [3]
  .text              ro code   0x800'1f0c         2     0x4  startup_stm32f407xx.o [3]
  .text              ro code   0x800'1f10         2     0x4  startup_stm32f407xx.o [3]
  .text              ro code   0x800'1f14         2     0x4  startup_stm32f407xx.o [3]
  .text              ro code   0x800'1f18         2     0x4  startup_stm32f407xx.o [3]
  .text              ro code   0x800'1f1c         2     0x4  startup_stm32f407xx.o [3]
  .text              ro code   0x800'1f20         2     0x4  startup_stm32f407xx.o [3]
  .text              ro code   0x800'1f24         2     0x4  startup_stm32f407xx.o [3]
  .text              ro code   0x800'1f28         2     0x4  startup_stm32f407xx.o [3]
  .text              ro code   0x800'1f2c         2     0x4  startup_stm32f407xx.o [3]
  .text              ro code   0x800'1f30         2     0x4  startup_stm32f407xx.o [3]
  .text              ro code   0x800'1f34         2     0x4  startup_stm32f407xx.o [3]
  .text              ro code   0x800'1f38         2     0x4  startup_stm32f407xx.o [3]
  .text              ro code   0x800'1f3c         2     0x4  startup_stm32f407xx.o [3]
  .text              ro code   0x800'1f40         2     0x4  startup_stm32f407xx.o [3]
  .text              ro code   0x800'1f44         2     0x4  startup_stm32f407xx.o [3]
  .text              ro code   0x800'1f48         2     0x4  startup_stm32f407xx.o [3]
  .text              ro code   0x800'1f4c         2     0x4  startup_stm32f407xx.o [3]
  .text              ro code   0x800'1f50         2     0x4  startup_stm32f407xx.o [3]
  .text              ro code   0x800'1f54         2     0x4  startup_stm32f407xx.o [3]
  .text              ro code   0x800'1f58         2     0x4  startup_stm32f407xx.o [3]
  .text              ro code   0x800'1f5c         2     0x4  startup_stm32f407xx.o [3]
  .text              ro code   0x800'1f60         2     0x4  startup_stm32f407xx.o [3]
  .text              ro code   0x800'1f64         2     0x4  startup_stm32f407xx.o [3]
  .text              ro code   0x800'1f68         2     0x4  startup_stm32f407xx.o [3]
  .text              ro code   0x800'1f6c         2     0x4  startup_stm32f407xx.o [3]
  .text              ro code   0x800'1f70         2     0x4  startup_stm32f407xx.o [3]
  .text              ro code   0x800'1f74         2     0x4  startup_stm32f407xx.o [3]
  .text              ro code   0x800'1f78         2     0x4  startup_stm32f407xx.o [3]
  .text              ro code   0x800'1f7c         2     0x4  startup_stm32f407xx.o [3]
  .text              ro code   0x800'1f80         2     0x4  startup_stm32f407xx.o [3]
  .text              ro code   0x800'1f84         2     0x4  startup_stm32f407xx.o [3]
  .text              ro code   0x800'1f88         2     0x4  startup_stm32f407xx.o [3]
  .text              ro code   0x800'1f8c         2     0x4  startup_stm32f407xx.o [3]
  .text              ro code   0x800'1f90         2     0x4  startup_stm32f407xx.o [3]
  .text              ro code   0x800'1f94         2     0x4  startup_stm32f407xx.o [3]
  .text              ro code   0x800'1f98         2     0x4  startup_stm32f407xx.o [3]
  .text              ro code   0x800'1f9c         2     0x4  startup_stm32f407xx.o [3]
  .text              ro code   0x800'1fa0         2     0x4  startup_stm32f407xx.o [3]
  .text              ro code   0x800'1fa4         2     0x4  startup_stm32f407xx.o [3]
  .text              ro code   0x800'1fa8         2     0x4  startup_stm32f407xx.o [3]
  .text              ro code   0x800'1fac         2     0x4  startup_stm32f407xx.o [3]
  .text              ro code   0x800'1fb0         2     0x4  startup_stm32f407xx.o [3]
  .text              ro code   0x800'1fb4         2     0x4  startup_stm32f407xx.o [3]
  .text              ro code   0x800'1fb8         2     0x4  startup_stm32f407xx.o [3]
  .text              ro code   0x800'1fbc         2     0x4  startup_stm32f407xx.o [3]
  .text              ro code   0x800'1fc0         2     0x4  startup_stm32f407xx.o [3]
  .text              ro code   0x800'1fc4         2     0x4  startup_stm32f407xx.o [3]
  .text              ro code   0x800'1fc8         2     0x4  startup_stm32f407xx.o [3]
  .text              ro code   0x800'1fcc         2     0x4  startup_stm32f407xx.o [3]
  .text              ro code   0x800'1fd0         2     0x4  startup_stm32f407xx.o [3]
  .text              ro code   0x800'1fd4         2     0x4  startup_stm32f407xx.o [3]
  .text              ro code   0x800'1fd8         2     0x4  startup_stm32f407xx.o [3]
  .rodata            const     0x800'1fdc               0x0  zero_init3.o [9]
  .rodata            const     0x800'1fdc               0x0  copy_init3.o [9]
                             - 0x800'1fdc            0x1e54

"P2", part 1 of 3:                                     0x14
  P2-1                        0x2000'0000         4    0x11  <Init block>
    .data            inited   0x2000'0000         4     0x4  stm32f4xx_hal.o [4]
    .data            inited   0x2000'0004         4     0x4  system_stm32f4xx.o [1]
    .data            inited   0x2000'0008         4     0x8  XShttio.o [7]
    .data            inited   0x2000'0010               0x1  stm32f4xx_hal.o [4]
                            - 0x2000'0011              0x11

"P2", part 2 of 3:                                    0xd78
  .bss               zero     0x2000'0014         4   0xc80  u8g2_d_memory.o [5]
  .bss               zero     0x2000'0c94         4    0x94  main.o [2]
  .bss               zero     0x2000'0d28         4    0x50  fsmc.o [2]
  .bss               zero     0x2000'0d78         4     0x8  crc.o [2]
  .bss               zero     0x2000'0d80         4     0x4  fsmc.o [2]
  .bss               zero     0x2000'0d84         4     0x4  stm32f4xx_hal.o [4]
  .bss               zero     0x2000'0d88         4     0x4  u8g_arm.o [5]
                            - 0x2000'0d8c             0xd78

"P2", part 3 of 3:                                    0x400
  CSTACK                      0x2000'0d90         8   0x400  <Block>
    CSTACK           uninit   0x2000'0d90             0x400  <Block tail>
                            - 0x2000'1190             0x400

Unused ranges:

         From           To      Size
         ----           --      ----
   0x800'1fdc   0x80f'ffff  0xf'e024
  0x2000'0d8c  0x2000'0d8f       0x4
  0x2000'1190  0x2001'ffff  0x1'ee70


*******************************************************************************
*** INIT TABLE
***

          Address      Size
          -------      ----
Zero (__iar_zero_init3)
    1 destination range, total size 0xd78:
          0x2000'0014  0xd78

Copy (__iar_copy_init3)
    1 source range, total size 0x14 (117% of destination):
           0x800'1e3c   0x14
    1 destination range, total size 0x11:
          0x2000'0000   0x11



*******************************************************************************
*** MODULE SUMMARY
***

    Module                  ro code  ro data  rw data
    ------                  -------  -------  -------
command line/config:
    -------------------------------------------------
    Total:

E:\Microcontroller\stm32\uc1698u_160x160_F407\EWARM\F407_FSMC_2\Obj\CMSIS_6603591812247902717.dir: [1]
    system_stm32f4xx.o           16        4        4
    -------------------------------------------------
    Total:                       16        4        4

E:\Microcontroller\stm32\uc1698u_160x160_F407\EWARM\F407_FSMC_2\Obj\Core_13247989168731456611.dir: [2]
    crc.o                        72                 8
    fsmc.o                      280                84
    gpio.o                      120
    main.o                      516               148
    stm32f4xx_hal_msp.o          64
    stm32f4xx_it.o               24
    -------------------------------------------------
    Total:                    1'076               240

E:\Microcontroller\stm32\uc1698u_160x160_F407\EWARM\F407_FSMC_2\Obj\EWARM_18443280873093131863.dir: [3]
    startup_stm32f407xx.o       732
    -------------------------------------------------
    Total:                      732

E:\Microcontroller\stm32\uc1698u_160x160_F407\EWARM\F407_FSMC_2\Obj\STM32F4xx_HAL_Driver_1244631019742807970.dir: [4]
    stm32f4xx_hal.o             204        5        9
    stm32f4xx_hal_cortex.o      300
    stm32f4xx_hal_crc.o          36
    stm32f4xx_hal_gpio.o        600
    stm32f4xx_hal_sram.o         98
    stm32f4xx_ll_fsmc.o         244
    stm32f4xx_ll_gpio.o         398
    stm32f4xx_ll_utils.o         12
    -------------------------------------------------
    Total:                    1'892        5        9

E:\Microcontroller\stm32\uc1698u_160x160_F407\EWARM\F407_FSMC_2\Obj\u8g2_2410607877290784044.dir: [5]
    u8g2_box.o                   84
    u8g2_buffer.o               192
    u8g2_d_memory.o              16             3'200
    u8g2_d_setup.o               72
    u8g2_font.o                  24
    u8g2_hvline.o               386
    u8g2_intersection.o         156
    u8g2_ll_hvline.o            246
    u8g2_setup.o                458       12
    u8g_arm.o                   396                 4
    u8x8_byte.o                  62
    u8x8_cad.o                  342
    u8x8_d_uc1611.o             960      136
    u8x8_display.o              226
    u8x8_gpio.o                  26
    u8x8_setup.o                102
    -------------------------------------------------
    Total:                    3'748      148    3'204

E:\Microcontroller\stm32\uc1698u_160x160_F407\EWARM\F407_FSMC_2\Obj\uc1698u_4896478760023267370.dir: [6]
    uc1698u.o                    44
    -------------------------------------------------
    Total:                       44

dl7M_tlf.a: [7]
    XShttio.o                     8        8        8
    exit.o                        4
    low_level_init.o              4
    -------------------------------------------------
    Total:                       16        8        8

m7M_tls.a: [8]
    fpinit_M.o                   34
    -------------------------------------------------
    Total:                       34

rt7M_tl.a: [9]
    ABImemset.o                 102
    cexit.o                      10
    cmain.o                      30
    copy_init3.o                 42
    cstartup_M.o                 28
    data_init.o                  42
    zero_init3.o                 56
    -------------------------------------------------
    Total:                      310

shb_l.a: [10]
    exit.o                       20
    iarttio.o                    44
    -------------------------------------------------
    Total:                       64

    Gaps                         16        4
    Linker created                        39    1'024
-----------------------------------------------------
    Grand Total:              7'948      208    4'489


*******************************************************************************
*** ENTRY LIST
***

Entry                       Address   Size  Type      Object
-----                       -------   ----  ----      ------
.iar.init_table$$Base    0x800'1d6c          --   Gb  - Linker created -
.iar.init_table$$Limit   0x800'1d90          --   Gb  - Linker created -
?main                    0x800'1d91         Code  ??  cmain.o [9]
ADC_IRQHandler           0x800'1ee1         Code  Wk  startup_stm32f407xx.o [3]
BusFault_Handler         0x800'1e2b    0x2  Code  ??  stm32f4xx_it.o [2]
CAN1_RX0_IRQHandler      0x800'1ee9         Code  Wk  startup_stm32f407xx.o [3]
CAN1_RX1_IRQHandler      0x800'1eed         Code  Wk  startup_stm32f407xx.o [3]
CAN1_SCE_IRQHandler      0x800'1ef1         Code  Wk  startup_stm32f407xx.o [3]
CAN1_TX_IRQHandler       0x800'1ee5         Code  Wk  startup_stm32f407xx.o [3]
CAN2_RX0_IRQHandler      0x800'1f99         Code  Wk  startup_stm32f407xx.o [3]
CAN2_RX1_IRQHandler      0x800'1f9d         Code  Wk  startup_stm32f407xx.o [3]
CAN2_SCE_IRQHandler      0x800'1fa1         Code  Wk  startup_stm32f407xx.o [3]
CAN2_TX_IRQHandler       0x800'1f95         Code  Wk  startup_stm32f407xx.o [3]
CSTACK$$Base            0x2000'0d90          --   Gb  - Linker created -
CSTACK$$Limit           0x2000'1190          --   ??  - Linker created -
DCMI_IRQHandler          0x800'1fd1         Code  Wk  startup_stm32f407xx.o [3]
DMA1_Stream0_IRQHandler
                         0x800'1ec5         Code  Wk  startup_stm32f407xx.o [3]
DMA1_Stream1_IRQHandler
                         0x800'1ec9         Code  Wk  startup_stm32f407xx.o [3]
DMA1_Stream2_IRQHandler
                         0x800'1ecd         Code  Wk  startup_stm32f407xx.o [3]
DMA1_Stream3_IRQHandler
                         0x800'1ed1         Code  Wk  startup_stm32f407xx.o [3]
DMA1_Stream4_IRQHandler
                         0x800'1ed5         Code  Wk  startup_stm32f407xx.o [3]
DMA1_Stream5_IRQHandler
                         0x800'1ed9         Code  Wk  startup_stm32f407xx.o [3]
DMA1_Stream6_IRQHandler
                         0x800'1edd         Code  Wk  startup_stm32f407xx.o [3]
DMA1_Stream7_IRQHandler
                         0x800'1f55         Code  Wk  startup_stm32f407xx.o [3]
DMA2_Stream0_IRQHandler
                         0x800'1f79         Code  Wk  startup_stm32f407xx.o [3]
DMA2_Stream1_IRQHandler
                         0x800'1f7d         Code  Wk  startup_stm32f407xx.o [3]
DMA2_Stream2_IRQHandler
                         0x800'1f81         Code  Wk  startup_stm32f407xx.o [3]
DMA2_Stream3_IRQHandler
                         0x800'1f85         Code  Wk  startup_stm32f407xx.o [3]
DMA2_Stream4_IRQHandler
                         0x800'1f89         Code  Wk  startup_stm32f407xx.o [3]
DMA2_Stream5_IRQHandler
                         0x800'1fa9         Code  Wk  startup_stm32f407xx.o [3]
DMA2_Stream6_IRQHandler
                         0x800'1fad         Code  Wk  startup_stm32f407xx.o [3]
DMA2_Stream7_IRQHandler
                         0x800'1fb1         Code  Wk  startup_stm32f407xx.o [3]
Data_processing_uc1698   0x800'0189   0x54  Code  Lc  u8x8_d_uc1611.o [5]
DebugMon_Handler         0x800'1e31    0x2  Code  ??  stm32f4xx_it.o [2]
ETH_IRQHandler           0x800'1f8d         Code  Wk  startup_stm32f407xx.o [3]
ETH_WKUP_IRQHandler      0x800'1f91         Code  Wk  startup_stm32f407xx.o [3]
EXTI0_IRQHandler         0x800'1eb1         Code  Wk  startup_stm32f407xx.o [3]
EXTI15_10_IRQHandler     0x800'1f39         Code  Wk  startup_stm32f407xx.o [3]
EXTI1_IRQHandler         0x800'1eb5         Code  Wk  startup_stm32f407xx.o [3]
EXTI2_IRQHandler         0x800'1eb9         Code  Wk  startup_stm32f407xx.o [3]
EXTI3_IRQHandler         0x800'1ebd         Code  Wk  startup_stm32f407xx.o [3]
EXTI4_IRQHandler         0x800'1ec1         Code  Wk  startup_stm32f407xx.o [3]
EXTI9_5_IRQHandler       0x800'1ef5         Code  Wk  startup_stm32f407xx.o [3]
Error_Handler            0x800'0c5d    0x4  Code  ??  main.o [2]
FLASH_IRQHandler         0x800'1ea9         Code  Wk  startup_stm32f407xx.o [3]
FPU_IRQHandler           0x800'1fd9         Code  Wk  startup_stm32f407xx.o [3]
FSMC_IRQHandler          0x800'1f59         Code  Wk  startup_stm32f407xx.o [3]
FSMC_Initialized        0x2000'0d80    0x4  Data  Lc  fsmc.o [2]
FSMC_NORSRAM_Extended_Timing_Init
                         0x800'1991   0x40  Code  ??  stm32f4xx_ll_fsmc.o [4]
FSMC_NORSRAM_Init        0x800'18e5   0x74  Code  ??  stm32f4xx_ll_fsmc.o [4]
FSMC_NORSRAM_Timing_Init
                         0x800'1959   0x38  Code  ??  stm32f4xx_ll_fsmc.o [4]
FSMC_PTR                0x2000'0d88    0x4  Data  ??  u8g_arm.o [5]
Fsmc_out                 0x800'1b4d    0x8  Code  ??  u8g_arm.o [5]
HAL_CRC_Init             0x800'1453   0x24  Code  ??  stm32f4xx_hal_crc.o [4]
HAL_CRC_MspInit          0x800'0e3b   0x26  Code  ??  crc.o [2]
HAL_Delay                0x800'100d   0x28  Code  Wk  stm32f4xx_hal.o [4]
HAL_FSMC_MspInit         0x800'0d91   0x72  Code  Lc  fsmc.o [2]
HAL_GPIO_Init            0x800'0805  0x21e  Code  ??  stm32f4xx_hal_gpio.o [4]
HAL_GetTick              0x800'18d9    0xc  Code  Wk  stm32f4xx_hal.o [4]
HAL_IncTick              0x800'1e0d   0x18  Code  Wk  stm32f4xx_hal.o [4]
HAL_Init                 0x800'0c61   0x30  Code  ??  stm32f4xx_hal.o [4]
HAL_InitTick             0x800'1041   0x4c  Code  Wk  stm32f4xx_hal.o [4]
HAL_MspInit              0x800'11b9   0x40  Code  ??  stm32f4xx_hal_msp.o [2]
HAL_NVIC_SetPriority     0x800'1165   0x2a  Code  ??  stm32f4xx_hal_cortex.o [4]
HAL_NVIC_SetPriorityGrouping
                         0x800'1159    0xc  Code  ??  stm32f4xx_hal_cortex.o [4]
HAL_SRAM_Init            0x800'13f1   0x62  Code  ??  stm32f4xx_hal_sram.o [4]
HAL_SRAM_MspInit         0x800'0e03    0xa  Code  ??  fsmc.o [2]
HAL_SYSTICK_Config       0x800'118f    0xc  Code  ??  stm32f4xx_hal_cortex.o [4]
HASH_RNG_IRQHandler      0x800'1fd5         Code  Wk  startup_stm32f407xx.o [3]
HardFault_Handler        0x800'1e27    0x2  Code  ??  stm32f4xx_it.o [2]
I2C1_ER_IRQHandler       0x800'1f19         Code  Wk  startup_stm32f407xx.o [3]
I2C1_EV_IRQHandler       0x800'1f15         Code  Wk  startup_stm32f407xx.o [3]
I2C2_ER_IRQHandler       0x800'1f21         Code  Wk  startup_stm32f407xx.o [3]
I2C2_EV_IRQHandler       0x800'1f1d         Code  Wk  startup_stm32f407xx.o [3]
I2C3_ER_IRQHandler       0x800'1fbd         Code  Wk  startup_stm32f407xx.o [3]
I2C3_EV_IRQHandler       0x800'1fb9         Code  Wk  startup_stm32f407xx.o [3]
LL_AHB1_GRP1_EnableClock
                         0x800'0c95   0x16  Code  Lc  gpio.o [2]
LL_FLASH_GetLatency      0x800'0b09    0xa  Code  Lc  main.o [2]
LL_FLASH_SetLatency      0x800'0afb    0xe  Code  Lc  main.o [2]
LL_GPIO_Init             0x800'1361   0x8e  Code  ??  stm32f4xx_ll_gpio.o [4]
LL_GPIO_ResetOutputPin   0x800'0cab    0x6  Code  Lc  gpio.o [2]
LL_GPIO_ResetOutputPin   0x800'19dd    0x6  Code  Lc  u8g_arm.o [5]
LL_GPIO_SetAFPin_0_7     0x800'12fd   0x2e  Code  Lc  stm32f4xx_ll_gpio.o [4]
LL_GPIO_SetAFPin_8_15    0x800'132b   0x36  Code  Lc  stm32f4xx_ll_gpio.o [4]
LL_GPIO_SetOutputPin     0x800'19d9    0x4  Code  Lc  u8g_arm.o [5]
LL_GPIO_SetPinMode       0x800'1261   0x2e  Code  Lc  stm32f4xx_ll_gpio.o [4]
LL_GPIO_SetPinOutputType
                         0x800'128f   0x12  Code  Lc  stm32f4xx_ll_gpio.o [4]
LL_GPIO_SetPinPull       0x800'12cf   0x2e  Code  Lc  stm32f4xx_ll_gpio.o [4]
LL_GPIO_SetPinSpeed      0x800'12a1   0x2e  Code  Lc  stm32f4xx_ll_gpio.o [4]
LL_PWR_IsActiveFlag_VOS
                         0x800'0b21    0xc  Code  Lc  main.o [2]
LL_PWR_SetRegulVoltageScaling
                         0x800'0b13    0xe  Code  Lc  main.o [2]
LL_RCC_GetSysClkSource   0x800'0a89    0xc  Code  Lc  main.o [2]
LL_RCC_HSE_Enable        0x800'0a5d    0xe  Code  Lc  main.o [2]
LL_RCC_HSE_IsReady       0x800'0a6b    0xe  Code  Lc  main.o [2]
LL_RCC_PLL_ConfigDomain_SYS
                         0x800'0ad9   0x22  Code  Lc  main.o [2]
LL_RCC_PLL_Enable        0x800'0ac1    0xc  Code  Lc  main.o [2]
LL_RCC_PLL_IsReady       0x800'0acd    0xc  Code  Lc  main.o [2]
LL_RCC_SetAHBPrescaler   0x800'0a95   0x10  Code  Lc  main.o [2]
LL_RCC_SetAPB1Prescaler
                         0x800'0aa5    0xe  Code  Lc  main.o [2]
LL_RCC_SetAPB2Prescaler
                         0x800'0ab3    0xe  Code  Lc  main.o [2]
LL_RCC_SetSysClkSource   0x800'0a79   0x10  Code  Lc  main.o [2]
LL_SetSystemCoreClock    0x800'1035    0x6  Code  ??  stm32f4xx_ll_utils.o [4]
MX_CRC_Init              0x800'0e25   0x16  Code  ??  crc.o [2]
MX_FSMC_Init             0x800'0d0d   0x84  Code  ??  fsmc.o [2]
MX_GPIO_Init             0x800'0cb1   0x54  Code  ??  gpio.o [2]
MemManage_Handler        0x800'1e29    0x2  Code  ??  stm32f4xx_it.o [2]
NMI_Handler              0x800'1e25    0x2  Code  ??  stm32f4xx_it.o [2]
NVIC_EncodePriority      0x800'10e9   0x40  Code  Lc  stm32f4xx_hal_cortex.o [4]
OTG_FS_IRQHandler        0x800'1fa5         Code  Wk  startup_stm32f407xx.o [3]
OTG_FS_WKUP_IRQHandler   0x800'1f41         Code  Wk  startup_stm32f407xx.o [3]
OTG_HS_EP1_IN_IRQHandler
                         0x800'1fc5         Code  Wk  startup_stm32f407xx.o [3]
OTG_HS_EP1_OUT_IRQHandler
                         0x800'1fc1         Code  Wk  startup_stm32f407xx.o [3]
OTG_HS_IRQHandler        0x800'1fcd         Code  Wk  startup_stm32f407xx.o [3]
OTG_HS_WKUP_IRQHandler   0x800'1fc9         Code  Wk  startup_stm32f407xx.o [3]
PVD_IRQHandler           0x800'1e9d         Code  Wk  startup_stm32f407xx.o [3]
PendSV_Handler           0x800'1e33    0x2  Code  ??  stm32f4xx_it.o [2]
RCC_IRQHandler           0x800'1ead         Code  Wk  startup_stm32f407xx.o [3]
RTC_Alarm_IRQHandler     0x800'1f3d         Code  Wk  startup_stm32f407xx.o [3]
RTC_WKUP_IRQHandler      0x800'1ea5         Code  Wk  startup_stm32f407xx.o [3]
Region$$Table$$Base      0x800'1d6c          --   ??  - Linker created -
Region$$Table$$Limit     0x800'1d90          --   ??  - Linker created -
Reset_Handler            0x800'1e51         Code  Wk  startup_stm32f407xx.o [3]
SDIO_IRQHandler          0x800'1f5d         Code  Wk  startup_stm32f407xx.o [3]
SPI1_IRQHandler          0x800'1f25         Code  Wk  startup_stm32f407xx.o [3]
SPI2_IRQHandler          0x800'1f29         Code  Wk  startup_stm32f407xx.o [3]
SPI3_IRQHandler          0x800'1f65         Code  Wk  startup_stm32f407xx.o [3]
SVC_Handler              0x800'1e2f    0x2  Code  ??  stm32f4xx_it.o [2]
SysTick_Config           0x800'1129   0x30  Code  Lc  stm32f4xx_hal_cortex.o [4]
SysTick_Handler          0x800'1e35    0x8  Code  ??  stm32f4xx_it.o [2]
SystemClock_Config       0x800'0ba9   0x80  Code  ??  main.o [2]
SystemCoreClock         0x2000'0004    0x4  Data  ??  system_stm32f4xx.o [1]
SystemInit               0x800'1e61    0xc  Code  ??  system_stm32f4xx.o [1]
TAMP_STAMP_IRQHandler    0x800'1ea1         Code  Wk  startup_stm32f407xx.o [3]
TIM1_BRK_TIM9_IRQHandler
                         0x800'1ef9         Code  Wk  startup_stm32f407xx.o [3]
TIM1_CC_IRQHandler       0x800'1f05         Code  Wk  startup_stm32f407xx.o [3]
TIM1_TRG_COM_TIM11_IRQHandler
                         0x800'1f01         Code  Wk  startup_stm32f407xx.o [3]
TIM1_UP_TIM10_IRQHandler
                         0x800'1efd         Code  Wk  startup_stm32f407xx.o [3]
TIM2_IRQHandler          0x800'1f09         Code  Wk  startup_stm32f407xx.o [3]
TIM3_IRQHandler          0x800'1f0d         Code  Wk  startup_stm32f407xx.o [3]
TIM4_IRQHandler          0x800'1f11         Code  Wk  startup_stm32f407xx.o [3]
TIM5_IRQHandler          0x800'1f61         Code  Wk  startup_stm32f407xx.o [3]
TIM6_DAC_IRQHandler      0x800'1f71         Code  Wk  startup_stm32f407xx.o [3]
TIM7_IRQHandler          0x800'1f75         Code  Wk  startup_stm32f407xx.o [3]
TIM8_BRK_TIM12_IRQHandler
                         0x800'1f45         Code  Wk  startup_stm32f407xx.o [3]
TIM8_CC_IRQHandler       0x800'1f51         Code  Wk  startup_stm32f407xx.o [3]
TIM8_TRG_COM_TIM14_IRQHandler
                         0x800'1f4d         Code  Wk  startup_stm32f407xx.o [3]
TIM8_UP_TIM13_IRQHandler
                         0x800'1f49         Code  Wk  startup_stm32f407xx.o [3]
UART4_IRQHandler         0x800'1f69         Code  Wk  startup_stm32f407xx.o [3]
UART5_IRQHandler         0x800'1f6d         Code  Wk  startup_stm32f407xx.o [3]
USART1_IRQHandler        0x800'1f2d         Code  Wk  startup_stm32f407xx.o [3]
USART2_IRQHandler        0x800'1f31         Code  Wk  startup_stm32f407xx.o [3]
USART3_IRQHandler        0x800'1f35         Code  Wk  startup_stm32f407xx.o [3]
USART6_IRQHandler        0x800'1fb5         Code  Wk  startup_stm32f407xx.o [3]
UsageFault_Handler       0x800'1e2d    0x2  Code  ??  stm32f4xx_it.o [2]
WWDG_IRQHandler          0x800'1e99         Code  Wk  startup_stm32f407xx.o [3]
__NVIC_GetPriorityGrouping
                         0x800'10af    0xc  Code  Lc  stm32f4xx_hal_cortex.o [4]
__NVIC_SetPriority       0x800'10bd   0x2c  Code  Lc  stm32f4xx_hal_cortex.o [4]
__NVIC_SetPriorityGrouping
                         0x800'108d   0x22  Code  Lc  stm32f4xx_hal_cortex.o [4]
__aeabi_memset           0x800'11f9         Code  ??  ABImemset.o [9]
__cmain                  0x800'1d91         Code  ??  cmain.o [9]
__exit                   0x800'1dc5   0x14  Code  ??  exit.o [10]
__iar_Memset             0x800'11f9         Code  ??  ABImemset.o [9]
__iar_Memset_word        0x800'1201         Code  ??  ABImemset.o [9]
__iar_close_ttio         0x800'1ce9   0x2c  Code  ??  iarttio.o [10]
__iar_copy_init3         0x800'069f   0x2a  Code  ??  copy_init3.o [9]
__iar_data_init3         0x800'1d1d   0x18  Code  ??  data_init.o [9]
__iar_init_vfp           0x800'1d49         Code  ??  fpinit_M.o [8]
__iar_lookup_ttioh       0x800'1d15    0x8  Code  ??  XShttio.o [7]
__iar_program_start      0x800'1dd9         Code  ??  cstartup_M.o [9]
__iar_ttio_handles      0x2000'0008    0x8  Data  Lc  XShttio.o [7]
__iar_zero_init3         0x800'1cb1   0x38  Code  ??  zero_init3.o [9]
__low_level_init         0x800'1daf    0x4  Code  ??  low_level_init.o [7]
__vector_table           0x800'0000         Data  ??  startup_stm32f407xx.o [3]
_call_main               0x800'1d9d         Code  ??  cmain.o [9]
_exit                    0x800'1db9         Code  ??  cexit.o [9]
display_white            0x800'0ed9   0x20  Code  ??  uc1698u.o [6]
exit                     0x800'1db3    0x4  Code  ??  exit.o [7]
hcrc                    0x2000'0d78    0x8  Data  ??  crc.o [2]
hsram1                  0x2000'0d28   0x50  Data  ??  fsmc.o [2]
main                     0x800'0b2d   0x7c  Code  ??  main.o [2]
u8g2                    0x2000'0c94   0x94  Data  ??  main.o [2]
u8g2_ClearBuffer         0x800'0ef9   0x28  Code  ??  u8g2_buffer.o [5]
u8g2_DrawBox             0x800'0fb9   0x54  Code  ??  u8g2_box.o [5]
u8g2_DrawHVLine          0x800'17f7   0xe2  Code  ??  u8g2_hvline.o [5]
u8g2_IsIntersection      0x800'1715   0x42  Code  ??  u8g2_intersection.o [5]
u8g2_SendBuffer          0x800'0fa7   0x12  Code  ??  u8g2_buffer.o [5]
u8g2_SetFontMode         0x800'0eb5    0x6  Code  ??  u8g2_font.o [5]
u8g2_SetFontPosBaseline
                         0x800'0ec1    0x6  Code  ??  u8g2_font.o [5]
u8g2_SetMaxClipWindow    0x800'14f1   0x26  Code  ??  u8g2_setup.o [5]
u8g2_SetupBuffer         0x800'1517   0x62  Code  ??  u8g2_setup.o [5]
u8g2_Setup_uc1611_cg160160_f
                         0x800'0e6d   0x3c  Code  ??  u8g2_d_setup.o [5]
u8g2_apply_clip_window   0x800'15e1   0x80  Code  Lc  u8g2_setup.o [5]
u8g2_cb_r0               0x800'1e70    0xc  Data  ??  u8g2_setup.o [5]
u8g2_clip_intersection2
                         0x800'1757   0x76  Code  Lc  u8g2_hvline.o [5]
u8g2_draw_hv_line_2dir   0x800'17cd   0x2a  Code  ??  u8g2_hvline.o [5]
u8g2_draw_l90_r0         0x800'1697   0x24  Code  ??  u8g2_setup.o [5]
u8g2_font_calc_vref_font
                         0x800'0ebb    0x6  Code  ??  u8g2_font.o [5]
u8g2_is_intersection_decision_tree
                         0x800'16bb   0x5a  Code  ??  u8g2_intersection.o [5]
u8g2_ll_hvline_vertical_top_lsb
                         0x800'1b65   0xf6  Code  ??  u8g2_ll_hvline.o [5]
u8g2_m_20_20_f           0x800'14e1    0xc  Code  ??  u8g2_d_memory.o [5]
u8g2_m_20_20_f::buf     0x2000'0014  0xc80  Data  Lc  u8g2_d_memory.o [5]
u8g2_send_buffer         0x800'0f63   0x44  Code  Lc  u8g2_buffer.o [5]
u8g2_send_tile_row       0x800'0f21   0x42  Code  Lc  u8g2_buffer.o [5]
u8g2_update_dimension_common
                         0x800'1579   0x68  Code  Lc  u8g2_setup.o [5]
u8g2_update_dimension_r0
                         0x800'1661    0xc  Code  ??  u8g2_setup.o [5]
u8g2_update_page_win_r0
                         0x800'166d   0x2a  Code  ??  u8g2_setup.o [5]
u8x8_DrawTile            0x800'0735   0x2a  Code  ??  u8x8_display.o [5]
u8x8_InitDisplay         0x800'0771   0x12  Code  ??  u8x8_display.o [5]
u8x8_RefreshDisplay      0x800'0799   0x12  Code  ??  u8x8_display.o [5]
u8x8_SetPowerSave        0x800'0783   0x16  Code  ??  u8x8_display.o [5]
u8x8_Setup               0x800'14b1   0x2e  Code  ??  u8x8_setup.o [5]
u8x8_SetupDefaults       0x800'1483   0x2a  Code  ??  u8x8_setup.o [5]
u8x8_SetupMemory         0x800'075f   0x12  Code  ??  u8x8_display.o [5]
u8x8_byte_SendByte       0x800'07f3   0x10  Code  ??  u8x8_byte.o [5]
u8x8_byte_SendBytes      0x800'07db   0x18  Code  ??  u8x8_byte.o [5]
u8x8_byte_SetDC          0x800'07c5   0x16  Code  ??  u8x8_byte.o [5]
u8x8_byte_hw_fsmc        0x800'1aef   0x5e  Code  ??  u8g_arm.o [5]
u8x8_cad_001             0x800'062d   0x72  Code  ??  u8x8_cad.o [5]
u8x8_cad_EndTransfer     0x800'059f   0x12  Code  ??  u8x8_cad.o [5]
u8x8_cad_SendArg         0x800'055f   0x16  Code  ??  u8x8_cad.o [5]
u8x8_cad_SendCmd         0x800'0549   0x16  Code  ??  u8x8_cad.o [5]
u8x8_cad_SendData        0x800'0575   0x18  Code  ??  u8x8_cad.o [5]
u8x8_cad_SendSequence    0x800'05b1   0x7c  Code  ??  u8x8_cad.o [5]
u8x8_cad_StartTransfer   0x800'058d   0x12  Code  ??  u8x8_cad.o [5]
u8x8_d_helper_display_init
                         0x800'06d5   0x60  Code  ??  u8x8_display.o [5]
u8x8_d_helper_display_setup_memory
                         0x800'06c9    0xc  Code  ??  u8x8_display.o [5]
u8x8_d_uc1611_cg160160   0x800'0491   0x9e  Code  ??  u8x8_d_uc1611.o [5]
u8x8_d_uc1611_cg160160_init_seq
                         0x800'1c5c   0x54  Data  Lc  u8x8_d_uc1611.o [5]
u8x8_d_uc1611_common     0x800'01dd  0x2b4  Code  ??  u8x8_d_uc1611.o [5]
u8x8_d_uc1611s_flip0_seq
                         0x800'1e84    0x8  Data  Lc  u8x8_d_uc1611.o [5]
u8x8_d_uc1611s_flip1_seq
                         0x800'1e8c    0x8  Data  Lc  u8x8_d_uc1611.o [5]
u8x8_d_uc1611s_powersave0_seq
                         0x800'1e7c    0x8  Data  Lc  u8x8_d_uc1611.o [5]
u8x8_d_uc1611s_powersave1_seq
                         0x800'1e94    0x4  Data  Lc  u8x8_d_uc1611.o [5]
u8x8_dummy_cb            0x800'1479    0xa  Code  ??  u8x8_setup.o [5]
u8x8_gpio_and_delay_template
                         0x800'19e3  0x10c  Code  ??  u8g_arm.o [5]
u8x8_gpio_call           0x800'07ab   0x1a  Code  ??  u8x8_gpio.o [5]
u8x8_uc1611_cg160160_display_info
                         0x800'1df4   0x18  Data  Lc  u8x8_d_uc1611.o [5]
uwTick                  0x2000'0d84    0x4  Data  ??  stm32f4xx_hal.o [4]
uwTickFreq              0x2000'0010    0x1  Data  ??  stm32f4xx_hal.o [4]
uwTickPrio              0x2000'0000    0x4  Data  ??  stm32f4xx_hal.o [4]
write_data               0x800'0ecd    0x6  Code  ??  uc1698u.o [6]


[1] = E:\Microcontroller\stm32\uc1698u_160x160_F407\EWARM\F407_FSMC_2\Obj\CMSIS_6603591812247902717.dir
[2] = E:\Microcontroller\stm32\uc1698u_160x160_F407\EWARM\F407_FSMC_2\Obj\Core_13247989168731456611.dir
[3] = E:\Microcontroller\stm32\uc1698u_160x160_F407\EWARM\F407_FSMC_2\Obj\EWARM_18443280873093131863.dir
[4] = E:\Microcontroller\stm32\uc1698u_160x160_F407\EWARM\F407_FSMC_2\Obj\STM32F4xx_HAL_Driver_1244631019742807970.dir
[5] = E:\Microcontroller\stm32\uc1698u_160x160_F407\EWARM\F407_FSMC_2\Obj\u8g2_2410607877290784044.dir
[6] = E:\Microcontroller\stm32\uc1698u_160x160_F407\EWARM\F407_FSMC_2\Obj\uc1698u_4896478760023267370.dir
[7] = dl7M_tlf.a
[8] = m7M_tls.a
[9] = rt7M_tl.a
[10] = shb_l.a

  7'948 bytes of readonly  code memory
    208 bytes of readonly  data memory
  4'489 bytes of readwrite data memory

Errors: none
Warnings: none
