###############################################################################
#
# IAR ELF Linker V9.50.1.380/W64 for ARM                  15/Jan/2026  22:44:05
# Copyright 2007-2023 IAR Systems AB.
#
#    Output file  =
#        E:\Microcontroller\stm32\uc1698u_160x160_F407\EWARM\F407_FSMC_2\Exe\F407_FSMC_2.out
#    Map file     =
#        E:\Microcontroller\stm32\uc1698u_160x160_F407\EWARM\F407_FSMC_2\List\F407_FSMC_2.map
#    Command line =
#        -f
#        E:\Microcontroller\stm32\uc1698u_160x160_F407\EWARM\F407_FSMC_2\Exe\F407_FSMC_2.out.rsp
#        (E:\Microcontroller\stm32\uc1698u_160x160_F407\EWARM\F407_FSMC_2\Obj\Core_13247989168731456611.dir\crc.o
#        E:\Microcontroller\stm32\uc1698u_160x160_F407\EWARM\F407_FSMC_2\Obj\Core_13247989168731456611.dir\fsmc.o
#        E:\Microcontroller\stm32\uc1698u_160x160_F407\EWARM\F407_FSMC_2\Obj\Core_13247989168731456611.dir\gpio.o
#        E:\Microcontroller\stm32\uc1698u_160x160_F407\EWARM\F407_FSMC_2\Obj\Core_13247989168731456611.dir\main.o
#        E:\Microcontroller\stm32\uc1698u_160x160_F407\EWARM\F407_FSMC_2\Obj\u8g2_2410607877290784044.dir\mui.o
#        E:\Microcontroller\stm32\uc1698u_160x160_F407\EWARM\F407_FSMC_2\Obj\u8g2_2410607877290784044.dir\mui_u8g2.o
#        E:\Microcontroller\stm32\uc1698u_160x160_F407\EWARM\F407_FSMC_2\Obj\EWARM_18443280873093131863.dir\startup_stm32f407xx.o
#        E:\Microcontroller\stm32\uc1698u_160x160_F407\EWARM\F407_FSMC_2\Obj\STM32F4xx_HAL_Driver_1244631019742807970.dir\stm32f4xx_hal.o
#        E:\Microcontroller\stm32\uc1698u_160x160_F407\EWARM\F407_FSMC_2\Obj\STM32F4xx_HAL_Driver_1244631019742807970.dir\stm32f4xx_hal_cortex.o
#        E:\Microcontroller\stm32\uc1698u_160x160_F407\EWARM\F407_FSMC_2\Obj\STM32F4xx_HAL_Driver_1244631019742807970.dir\stm32f4xx_hal_crc.o
#        E:\Microcontroller\stm32\uc1698u_160x160_F407\EWARM\F407_FSMC_2\Obj\STM32F4xx_HAL_Driver_1244631019742807970.dir\stm32f4xx_hal_dma.o
#        E:\Microcontroller\stm32\uc1698u_160x160_F407\EWARM\F407_FSMC_2\Obj\STM32F4xx_HAL_Driver_1244631019742807970.dir\stm32f4xx_hal_dma_ex.o
#        E:\Microcontroller\stm32\uc1698u_160x160_F407\EWARM\F407_FSMC_2\Obj\STM32F4xx_HAL_Driver_1244631019742807970.dir\stm32f4xx_hal_exti.o
#        E:\Microcontroller\stm32\uc1698u_160x160_F407\EWARM\F407_FSMC_2\Obj\STM32F4xx_HAL_Driver_1244631019742807970.dir\stm32f4xx_hal_flash.o
#        E:\Microcontroller\stm32\uc1698u_160x160_F407\EWARM\F407_FSMC_2\Obj\STM32F4xx_HAL_Driver_1244631019742807970.dir\stm32f4xx_hal_flash_ex.o
#        E:\Microcontroller\stm32\uc1698u_160x160_F407\EWARM\F407_FSMC_2\Obj\STM32F4xx_HAL_Driver_1244631019742807970.dir\stm32f4xx_hal_flash_ramfunc.o
#        E:\Microcontroller\stm32\uc1698u_160x160_F407\EWARM\F407_FSMC_2\Obj\STM32F4xx_HAL_Driver_1244631019742807970.dir\stm32f4xx_hal_gpio.o
#        E:\Microcontroller\stm32\uc1698u_160x160_F407\EWARM\F407_FSMC_2\Obj\Core_13247989168731456611.dir\stm32f4xx_hal_msp.o
#        E:\Microcontroller\stm32\uc1698u_160x160_F407\EWARM\F407_FSMC_2\Obj\STM32F4xx_HAL_Driver_1244631019742807970.dir\stm32f4xx_hal_nand.o
#        E:\Microcontroller\stm32\uc1698u_160x160_F407\EWARM\F407_FSMC_2\Obj\STM32F4xx_HAL_Driver_1244631019742807970.dir\stm32f4xx_hal_nor.o
#        E:\Microcontroller\stm32\uc1698u_160x160_F407\EWARM\F407_FSMC_2\Obj\STM32F4xx_HAL_Driver_1244631019742807970.dir\stm32f4xx_hal_pccard.o
#        E:\Microcontroller\stm32\uc1698u_160x160_F407\EWARM\F407_FSMC_2\Obj\STM32F4xx_HAL_Driver_1244631019742807970.dir\stm32f4xx_hal_pwr.o
#        E:\Microcontroller\stm32\uc1698u_160x160_F407\EWARM\F407_FSMC_2\Obj\STM32F4xx_HAL_Driver_1244631019742807970.dir\stm32f4xx_hal_pwr_ex.o
#        E:\Microcontroller\stm32\uc1698u_160x160_F407\EWARM\F407_FSMC_2\Obj\STM32F4xx_HAL_Driver_1244631019742807970.dir\stm32f4xx_hal_rcc.o
#        E:\Microcontroller\stm32\uc1698u_160x160_F407\EWARM\F407_FSMC_2\Obj\STM32F4xx_HAL_Driver_1244631019742807970.dir\stm32f4xx_hal_rcc_ex.o
#        E:\Microcontroller\stm32\uc1698u_160x160_F407\EWARM\F407_FSMC_2\Obj\STM32F4xx_HAL_Driver_1244631019742807970.dir\stm32f4xx_hal_sram.o
#        E:\Microcontroller\stm32\uc1698u_160x160_F407\EWARM\F407_FSMC_2\Obj\Core_13247989168731456611.dir\stm32f4xx_it.o
#        E:\Microcontroller\stm32\uc1698u_160x160_F407\EWARM\F407_FSMC_2\Obj\STM32F4xx_HAL_Driver_1244631019742807970.dir\stm32f4xx_ll_exti.o
#        E:\Microcontroller\stm32\uc1698u_160x160_F407\EWARM\F407_FSMC_2\Obj\STM32F4xx_HAL_Driver_1244631019742807970.dir\stm32f4xx_ll_fsmc.o
#        E:\Microcontroller\stm32\uc1698u_160x160_F407\EWARM\F407_FSMC_2\Obj\STM32F4xx_HAL_Driver_1244631019742807970.dir\stm32f4xx_ll_gpio.o
#        E:\Microcontroller\stm32\uc1698u_160x160_F407\EWARM\F407_FSMC_2\Obj\STM32F4xx_HAL_Driver_1244631019742807970.dir\stm32f4xx_ll_rcc.o
#        E:\Microcontroller\stm32\uc1698u_160x160_F407\EWARM\F407_FSMC_2\Obj\STM32F4xx_HAL_Driver_1244631019742807970.dir\stm32f4xx_ll_utils.o
#        E:\Microcontroller\stm32\uc1698u_160x160_F407\EWARM\F407_FSMC_2\Obj\CMSIS_6603591812247902717.dir\system_stm32f4xx.o
#        E:\Microcontroller\stm32\uc1698u_160x160_F407\EWARM\F407_FSMC_2\Obj\u8g2_2410607877290784044.dir\u8g2_arc.o
#        E:\Microcontroller\stm32\uc1698u_160x160_F407\EWARM\F407_FSMC_2\Obj\u8g2_2410607877290784044.dir\u8g2_bitmap.o
#        E:\Microcontroller\stm32\uc1698u_160x160_F407\EWARM\F407_FSMC_2\Obj\u8g2_2410607877290784044.dir\u8g2_box.o
#        E:\Microcontroller\stm32\uc1698u_160x160_F407\EWARM\F407_FSMC_2\Obj\u8g2_2410607877290784044.dir\u8g2_buffer.o
#        E:\Microcontroller\stm32\uc1698u_160x160_F407\EWARM\F407_FSMC_2\Obj\u8g2_2410607877290784044.dir\u8g2_button.o
#        E:\Microcontroller\stm32\uc1698u_160x160_F407\EWARM\F407_FSMC_2\Obj\u8g2_2410607877290784044.dir\u8g2_circle.o
#        E:\Microcontroller\stm32\uc1698u_160x160_F407\EWARM\F407_FSMC_2\Obj\u8g2_2410607877290784044.dir\u8g2_cleardisplay.o
#        E:\Microcontroller\stm32\uc1698u_160x160_F407\EWARM\F407_FSMC_2\Obj\u8g2_2410607877290784044.dir\u8g2_d_memory.o
#        E:\Microcontroller\stm32\uc1698u_160x160_F407\EWARM\F407_FSMC_2\Obj\u8g2_2410607877290784044.dir\u8g2_d_setup.o
#        E:\Microcontroller\stm32\uc1698u_160x160_F407\EWARM\F407_FSMC_2\Obj\u8g2_2410607877290784044.dir\u8g2_font.o
#        E:\Microcontroller\stm32\uc1698u_160x160_F407\EWARM\F407_FSMC_2\Obj\u8g2_2410607877290784044.dir\u8g2_fonts.o
#        E:\Microcontroller\stm32\uc1698u_160x160_F407\EWARM\F407_FSMC_2\Obj\u8g2_2410607877290784044.dir\u8g2_hvline.o
#        E:\Microcontroller\stm32\uc1698u_160x160_F407\EWARM\F407_FSMC_2\Obj\u8g2_2410607877290784044.dir\u8g2_input_value.o
#        E:\Microcontroller\stm32\uc1698u_160x160_F407\EWARM\F407_FSMC_2\Obj\u8g2_2410607877290784044.dir\u8g2_intersection.o
#        E:\Microcontroller\stm32\uc1698u_160x160_F407\EWARM\F407_FSMC_2\Obj\u8g2_2410607877290784044.dir\u8g2_kerning.o
#        E:\Microcontroller\stm32\uc1698u_160x160_F407\EWARM\F407_FSMC_2\Obj\u8g2_2410607877290784044.dir\u8g2_line.o
#        E:\Microcontroller\stm32\uc1698u_160x160_F407\EWARM\F407_FSMC_2\Obj\u8g2_2410607877290784044.dir\u8g2_ll_hvline.o
#        E:\Microcontroller\stm32\uc1698u_160x160_F407\EWARM\F407_FSMC_2\Obj\u8g2_2410607877290784044.dir\u8g2_message.o
#        E:\Microcontroller\stm32\uc1698u_160x160_F407\EWARM\F407_FSMC_2\Obj\u8g2_2410607877290784044.dir\u8g2_polygon.o
#        E:\Microcontroller\stm32\uc1698u_160x160_F407\EWARM\F407_FSMC_2\Obj\u8g2_2410607877290784044.dir\u8g2_selection_list.o
#        E:\Microcontroller\stm32\uc1698u_160x160_F407\EWARM\F407_FSMC_2\Obj\u8g2_2410607877290784044.dir\u8g2_setup.o
#        E:\Microcontroller\stm32\uc1698u_160x160_F407\EWARM\F407_FSMC_2\Obj\u8g2_2410607877290784044.dir\u8g_arm.o
#        E:\Microcontroller\stm32\uc1698u_160x160_F407\EWARM\F407_FSMC_2\Obj\u8g2_2410607877290784044.dir\u8log.o
#        E:\Microcontroller\stm32\uc1698u_160x160_F407\EWARM\F407_FSMC_2\Obj\u8g2_2410607877290784044.dir\u8log_u8g2.o
#        E:\Microcontroller\stm32\uc1698u_160x160_F407\EWARM\F407_FSMC_2\Obj\u8g2_2410607877290784044.dir\u8log_u8x8.o
#        E:\Microcontroller\stm32\uc1698u_160x160_F407\EWARM\F407_FSMC_2\Obj\u8g2_2410607877290784044.dir\u8x8_8x8.o
#        E:\Microcontroller\stm32\uc1698u_160x160_F407\EWARM\F407_FSMC_2\Obj\u8g2_2410607877290784044.dir\u8x8_byte.o
#        E:\Microcontroller\stm32\uc1698u_160x160_F407\EWARM\F407_FSMC_2\Obj\u8g2_2410607877290784044.dir\u8x8_cad.o
#        E:\Microcontroller\stm32\uc1698u_160x160_F407\EWARM\F407_FSMC_2\Obj\u8g2_2410607877290784044.dir\u8x8_capture.o
#        E:\Microcontroller\stm32\uc1698u_160x160_F407\EWARM\F407_FSMC_2\Obj\u8g2_2410607877290784044.dir\u8x8_d_a2printer.o
#        E:\Microcontroller\stm32\uc1698u_160x160_F407\EWARM\F407_FSMC_2\Obj\u8g2_2410607877290784044.dir\u8x8_d_ch1120.o
#        E:\Microcontroller\stm32\uc1698u_160x160_F407\EWARM\F407_FSMC_2\Obj\u8g2_2410607877290784044.dir\u8x8_d_gp1247ai.o
#        E:\Microcontroller\stm32\uc1698u_160x160_F407\EWARM\F407_FSMC_2\Obj\u8g2_2410607877290784044.dir\u8x8_d_gp1287ai.o
#        E:\Microcontroller\stm32\uc1698u_160x160_F407\EWARM\F407_FSMC_2\Obj\u8g2_2410607877290784044.dir\u8x8_d_gp1294ai.o
#        E:\Microcontroller\stm32\uc1698u_160x160_F407\EWARM\F407_FSMC_2\Obj\u8g2_2410607877290784044.dir\u8x8_d_gu800.o
#        E:\Microcontroller\stm32\uc1698u_160x160_F407\EWARM\F407_FSMC_2\Obj\u8g2_2410607877290784044.dir\u8x8_d_hd44102.o
#        E:\Microcontroller\stm32\uc1698u_160x160_F407\EWARM\F407_FSMC_2\Obj\u8g2_2410607877290784044.dir\u8x8_d_il3820_296x128.o
#        E:\Microcontroller\stm32\uc1698u_160x160_F407\EWARM\F407_FSMC_2\Obj\u8g2_2410607877290784044.dir\u8x8_d_ist3020.o
#        E:\Microcontroller\stm32\uc1698u_160x160_F407\EWARM\F407_FSMC_2\Obj\u8g2_2410607877290784044.dir\u8x8_d_ist3088.o
#        E:\Microcontroller\stm32\uc1698u_160x160_F407\EWARM\F407_FSMC_2\Obj\u8g2_2410607877290784044.dir\u8x8_d_ist7920.o
#        E:\Microcontroller\stm32\uc1698u_160x160_F407\EWARM\F407_FSMC_2\Obj\u8g2_2410607877290784044.dir\u8x8_d_ks0108.o
#        E:\Microcontroller\stm32\uc1698u_160x160_F407\EWARM\F407_FSMC_2\Obj\u8g2_2410607877290784044.dir\u8x8_d_lc7981.o
#        E:\Microcontroller\stm32\uc1698u_160x160_F407\EWARM\F407_FSMC_2\Obj\u8g2_2410607877290784044.dir\u8x8_d_ld7032_60x32.o
#        E:\Microcontroller\stm32\uc1698u_160x160_F407\EWARM\F407_FSMC_2\Obj\u8g2_2410607877290784044.dir\u8x8_d_ls013b7dh03.o
#        E:\Microcontroller\stm32\uc1698u_160x160_F407\EWARM\F407_FSMC_2\Obj\u8g2_2410607877290784044.dir\u8x8_d_max7219.o
#        E:\Microcontroller\stm32\uc1698u_160x160_F407\EWARM\F407_FSMC_2\Obj\u8g2_2410607877290784044.dir\u8x8_d_pcd8544_84x48.o
#        E:\Microcontroller\stm32\uc1698u_160x160_F407\EWARM\F407_FSMC_2\Obj\u8g2_2410607877290784044.dir\u8x8_d_pcf8812.o
#        E:\Microcontroller\stm32\uc1698u_160x160_F407\EWARM\F407_FSMC_2\Obj\u8g2_2410607877290784044.dir\u8x8_d_pcf8814_hx1230.o
#        E:\Microcontroller\stm32\uc1698u_160x160_F407\EWARM\F407_FSMC_2\Obj\u8g2_2410607877290784044.dir\u8x8_d_s1d15300.o
#        E:\Microcontroller\stm32\uc1698u_160x160_F407\EWARM\F407_FSMC_2\Obj\u8g2_2410607877290784044.dir\u8x8_d_s1d15721.o
#        E:\Microcontroller\stm32\uc1698u_160x160_F407\EWARM\F407_FSMC_2\Obj\u8g2_2410607877290784044.dir\u8x8_d_s1d15e06.o
#        E:\Microcontroller\stm32\uc1698u_160x160_F407\EWARM\F407_FSMC_2\Obj\u8g2_2410607877290784044.dir\u8x8_d_sbn1661.o
#        E:\Microcontroller\stm32\uc1698u_160x160_F407\EWARM\F407_FSMC_2\Obj\u8g2_2410607877290784044.dir\u8x8_d_sed1330.o
#        E:\Microcontroller\stm32\uc1698u_160x160_F407\EWARM\F407_FSMC_2\Obj\u8g2_2410607877290784044.dir\u8x8_d_sh1106_64x32.o
#        E:\Microcontroller\stm32\uc1698u_160x160_F407\EWARM\F407_FSMC_2\Obj\u8g2_2410607877290784044.dir\u8x8_d_sh1106_72x40.o
#        E:\Microcontroller\stm32\uc1698u_160x160_F407\EWARM\F407_FSMC_2\Obj\u8g2_2410607877290784044.dir\u8x8_d_sh1107.o
#        E:\Microcontroller\stm32\uc1698u_160x160_F407\EWARM\F407_FSMC_2\Obj\u8g2_2410607877290784044.dir\u8x8_d_sh1108.o
#        E:\Microcontroller\stm32\uc1698u_160x160_F407\EWARM\F407_FSMC_2\Obj\u8g2_2410607877290784044.dir\u8x8_d_sh1122.o
#        E:\Microcontroller\stm32\uc1698u_160x160_F407\EWARM\F407_FSMC_2\Obj\u8g2_2410607877290784044.dir\u8x8_d_ssd1305.o
#        E:\Microcontroller\stm32\uc1698u_160x160_F407\EWARM\F407_FSMC_2\Obj\u8g2_2410607877290784044.dir\u8x8_d_ssd1306_128x32.o
#        E:\Microcontroller\stm32\uc1698u_160x160_F407\EWARM\F407_FSMC_2\Obj\u8g2_2410607877290784044.dir\u8x8_d_ssd1306_128x64_noname.o
#        E:\Microcontroller\stm32\uc1698u_160x160_F407\EWARM\F407_FSMC_2\Obj\u8g2_2410607877290784044.dir\u8x8_d_ssd1306_2040x16.o
#        E:\Microcontroller\stm32\uc1698u_160x160_F407\EWARM\F407_FSMC_2\Obj\u8g2_2410607877290784044.dir\u8x8_d_ssd1306_48x64.o
#        E:\Microcontroller\stm32\uc1698u_160x160_F407\EWARM\F407_FSMC_2\Obj\u8g2_2410607877290784044.dir\u8x8_d_ssd1306_64x32.o
#        E:\Microcontroller\stm32\uc1698u_160x160_F407\EWARM\F407_FSMC_2\Obj\u8g2_2410607877290784044.dir\u8x8_d_ssd1306_64x48.o
#        E:\Microcontroller\stm32\uc1698u_160x160_F407\EWARM\F407_FSMC_2\Obj\u8g2_2410607877290784044.dir\u8x8_d_ssd1306_72x40.o
#        E:\Microcontroller\stm32\uc1698u_160x160_F407\EWARM\F407_FSMC_2\Obj\u8g2_2410607877290784044.dir\u8x8_d_ssd1306_96x16.o
#        E:\Microcontroller\stm32\uc1698u_160x160_F407\EWARM\F407_FSMC_2\Obj\u8g2_2410607877290784044.dir\u8x8_d_ssd1306_96x40.o
#        E:\Microcontroller\stm32\uc1698u_160x160_F407\EWARM\F407_FSMC_2\Obj\u8g2_2410607877290784044.dir\u8x8_d_ssd1309.o
#        E:\Microcontroller\stm32\uc1698u_160x160_F407\EWARM\F407_FSMC_2\Obj\u8g2_2410607877290784044.dir\u8x8_d_ssd1312.o
#        E:\Microcontroller\stm32\uc1698u_160x160_F407\EWARM\F407_FSMC_2\Obj\u8g2_2410607877290784044.dir\u8x8_d_ssd1315_128x64_noname.o
#        E:\Microcontroller\stm32\uc1698u_160x160_F407\EWARM\F407_FSMC_2\Obj\u8g2_2410607877290784044.dir\u8x8_d_ssd1316.o
#        E:\Microcontroller\stm32\uc1698u_160x160_F407\EWARM\F407_FSMC_2\Obj\u8g2_2410607877290784044.dir\u8x8_d_ssd1317.o
#        E:\Microcontroller\stm32\uc1698u_160x160_F407\EWARM\F407_FSMC_2\Obj\u8g2_2410607877290784044.dir\u8x8_d_ssd1318.o
#        E:\Microcontroller\stm32\uc1698u_160x160_F407\EWARM\F407_FSMC_2\Obj\u8g2_2410607877290784044.dir\u8x8_d_ssd1320.o
#        E:\Microcontroller\stm32\uc1698u_160x160_F407\EWARM\F407_FSMC_2\Obj\u8g2_2410607877290784044.dir\u8x8_d_ssd1322.o
#        E:\Microcontroller\stm32\uc1698u_160x160_F407\EWARM\F407_FSMC_2\Obj\u8g2_2410607877290784044.dir\u8x8_d_ssd1325.o
#        E:\Microcontroller\stm32\uc1698u_160x160_F407\EWARM\F407_FSMC_2\Obj\u8g2_2410607877290784044.dir\u8x8_d_ssd1326.o
#        E:\Microcontroller\stm32\uc1698u_160x160_F407\EWARM\F407_FSMC_2\Obj\u8g2_2410607877290784044.dir\u8x8_d_ssd1327.o
#        E:\Microcontroller\stm32\uc1698u_160x160_F407\EWARM\F407_FSMC_2\Obj\u8g2_2410607877290784044.dir\u8x8_d_ssd1329.o
#        E:\Microcontroller\stm32\uc1698u_160x160_F407\EWARM\F407_FSMC_2\Obj\u8g2_2410607877290784044.dir\u8x8_d_ssd1362.o
#        E:\Microcontroller\stm32\uc1698u_160x160_F407\EWARM\F407_FSMC_2\Obj\u8g2_2410607877290784044.dir\u8x8_d_ssd1363.o
#        E:\Microcontroller\stm32\uc1698u_160x160_F407\EWARM\F407_FSMC_2\Obj\u8g2_2410607877290784044.dir\u8x8_d_ssd1606_172x72.o
#        E:\Microcontroller\stm32\uc1698u_160x160_F407\EWARM\F407_FSMC_2\Obj\u8g2_2410607877290784044.dir\u8x8_d_ssd1607_200x200.o
#        E:\Microcontroller\stm32\uc1698u_160x160_F407\EWARM\F407_FSMC_2\Obj\u8g2_2410607877290784044.dir\u8x8_d_st7302.o
#        E:\Microcontroller\stm32\uc1698u_160x160_F407\EWARM\F407_FSMC_2\Obj\u8g2_2410607877290784044.dir\u8x8_d_st7305.o
#        E:\Microcontroller\stm32\uc1698u_160x160_F407\EWARM\F407_FSMC_2\Obj\u8g2_2410607877290784044.dir\u8x8_d_st7511.o
#        E:\Microcontroller\stm32\uc1698u_160x160_F407\EWARM\F407_FSMC_2\Obj\u8g2_2410607877290784044.dir\u8x8_d_st75160.o
#        E:\Microcontroller\stm32\uc1698u_160x160_F407\EWARM\F407_FSMC_2\Obj\u8g2_2410607877290784044.dir\u8x8_d_st75161.o
#        E:\Microcontroller\stm32\uc1698u_160x160_F407\EWARM\F407_FSMC_2\Obj\u8g2_2410607877290784044.dir\u8x8_d_st75256.o
#        E:\Microcontroller\stm32\uc1698u_160x160_F407\EWARM\F407_FSMC_2\Obj\u8g2_2410607877290784044.dir\u8x8_d_st7528.o
#        E:\Microcontroller\stm32\uc1698u_160x160_F407\EWARM\F407_FSMC_2\Obj\u8g2_2410607877290784044.dir\u8x8_d_st75320.o
#        E:\Microcontroller\stm32\uc1698u_160x160_F407\EWARM\F407_FSMC_2\Obj\u8g2_2410607877290784044.dir\u8x8_d_st7539.o
#        E:\Microcontroller\stm32\uc1698u_160x160_F407\EWARM\F407_FSMC_2\Obj\u8g2_2410607877290784044.dir\u8x8_d_st7565.o
#        E:\Microcontroller\stm32\uc1698u_160x160_F407\EWARM\F407_FSMC_2\Obj\u8g2_2410607877290784044.dir\u8x8_d_st7567.o
#        E:\Microcontroller\stm32\uc1698u_160x160_F407\EWARM\F407_FSMC_2\Obj\u8g2_2410607877290784044.dir\u8x8_d_st7571.o
#        E:\Microcontroller\stm32\uc1698u_160x160_F407\EWARM\F407_FSMC_2\Obj\u8g2_2410607877290784044.dir\u8x8_d_st7586s_erc240160.o
#        E:\Microcontroller\stm32\uc1698u_160x160_F407\EWARM\F407_FSMC_2\Obj\u8g2_2410607877290784044.dir\u8x8_d_st7586s_jlx320160.o
#        E:\Microcontroller\stm32\uc1698u_160x160_F407\EWARM\F407_FSMC_2\Obj\u8g2_2410607877290784044.dir\u8x8_d_st7586s_jlx384160.o
#        E:\Microcontroller\stm32\uc1698u_160x160_F407\EWARM\F407_FSMC_2\Obj\u8g2_2410607877290784044.dir\u8x8_d_st7586s_md240128.o
#        E:\Microcontroller\stm32\uc1698u_160x160_F407\EWARM\F407_FSMC_2\Obj\u8g2_2410607877290784044.dir\u8x8_d_st7586s_s028hn118a.o
#        E:\Microcontroller\stm32\uc1698u_160x160_F407\EWARM\F407_FSMC_2\Obj\u8g2_2410607877290784044.dir\u8x8_d_st7586s_ymc240160.o
#        E:\Microcontroller\stm32\uc1698u_160x160_F407\EWARM\F407_FSMC_2\Obj\u8g2_2410607877290784044.dir\u8x8_d_st7588.o
#        E:\Microcontroller\stm32\uc1698u_160x160_F407\EWARM\F407_FSMC_2\Obj\u8g2_2410607877290784044.dir\u8x8_d_st7920.o
#        E:\Microcontroller\stm32\uc1698u_160x160_F407\EWARM\F407_FSMC_2\Obj\u8g2_2410607877290784044.dir\u8x8_d_stdio.o
#        E:\Microcontroller\stm32\uc1698u_160x160_F407\EWARM\F407_FSMC_2\Obj\u8g2_2410607877290784044.dir\u8x8_d_t6963.o
#        E:\Microcontroller\stm32\uc1698u_160x160_F407\EWARM\F407_FSMC_2\Obj\u8g2_2410607877290784044.dir\u8x8_d_uc1601.o
#        E:\Microcontroller\stm32\uc1698u_160x160_F407\EWARM\F407_FSMC_2\Obj\u8g2_2410607877290784044.dir\u8x8_d_uc1604.o
#        E:\Microcontroller\stm32\uc1698u_160x160_F407\EWARM\F407_FSMC_2\Obj\u8g2_2410607877290784044.dir\u8x8_d_uc1608.o
#        E:\Microcontroller\stm32\uc1698u_160x160_F407\EWARM\F407_FSMC_2\Obj\u8g2_2410607877290784044.dir\u8x8_d_uc1609.o
#        E:\Microcontroller\stm32\uc1698u_160x160_F407\EWARM\F407_FSMC_2\Obj\u8g2_2410607877290784044.dir\u8x8_d_uc1610.o
#        E:\Microcontroller\stm32\uc1698u_160x160_F407\EWARM\F407_FSMC_2\Obj\u8g2_2410607877290784044.dir\u8x8_d_uc1611.o
#        E:\Microcontroller\stm32\uc1698u_160x160_F407\EWARM\F407_FSMC_2\Obj\u8g2_2410607877290784044.dir\u8x8_d_uc1617.o
#        E:\Microcontroller\stm32\uc1698u_160x160_F407\EWARM\F407_FSMC_2\Obj\u8g2_2410607877290784044.dir\u8x8_d_uc1628.o
#        E:\Microcontroller\stm32\uc1698u_160x160_F407\EWARM\F407_FSMC_2\Obj\u8g2_2410607877290784044.dir\u8x8_d_uc1638.o
#        E:\Microcontroller\stm32\uc1698u_160x160_F407\EWARM\F407_FSMC_2\Obj\u8g2_2410607877290784044.dir\u8x8_d_uc1701_dogs102.o
#        E:\Microcontroller\stm32\uc1698u_160x160_F407\EWARM\F407_FSMC_2\Obj\u8g2_2410607877290784044.dir\u8x8_d_uc1701_mini12864.o
#        E:\Microcontroller\stm32\uc1698u_160x160_F407\EWARM\F407_FSMC_2\Obj\u8g2_2410607877290784044.dir\u8x8_debounce.o
#        E:\Microcontroller\stm32\uc1698u_160x160_F407\EWARM\F407_FSMC_2\Obj\u8g2_2410607877290784044.dir\u8x8_display.o
#        E:\Microcontroller\stm32\uc1698u_160x160_F407\EWARM\F407_FSMC_2\Obj\u8g2_2410607877290784044.dir\u8x8_fonts.o
#        E:\Microcontroller\stm32\uc1698u_160x160_F407\EWARM\F407_FSMC_2\Obj\u8g2_2410607877290784044.dir\u8x8_gpio.o
#        E:\Microcontroller\stm32\uc1698u_160x160_F407\EWARM\F407_FSMC_2\Obj\u8g2_2410607877290784044.dir\u8x8_input_value.o
#        E:\Microcontroller\stm32\uc1698u_160x160_F407\EWARM\F407_FSMC_2\Obj\u8g2_2410607877290784044.dir\u8x8_message.o
#        E:\Microcontroller\stm32\uc1698u_160x160_F407\EWARM\F407_FSMC_2\Obj\u8g2_2410607877290784044.dir\u8x8_selection_list.o
#        E:\Microcontroller\stm32\uc1698u_160x160_F407\EWARM\F407_FSMC_2\Obj\u8g2_2410607877290784044.dir\u8x8_setup.o
#        E:\Microcontroller\stm32\uc1698u_160x160_F407\EWARM\F407_FSMC_2\Obj\u8g2_2410607877290784044.dir\u8x8_string.o
#        E:\Microcontroller\stm32\uc1698u_160x160_F407\EWARM\F407_FSMC_2\Obj\u8g2_2410607877290784044.dir\u8x8_u16toa.o
#        E:\Microcontroller\stm32\uc1698u_160x160_F407\EWARM\F407_FSMC_2\Obj\u8g2_2410607877290784044.dir\u8x8_u8toa.o
#        --no_out_extension -o
#        E:\Microcontroller\stm32\uc1698u_160x160_F407\EWARM\F407_FSMC_2\Exe\F407_FSMC_2.out
#        --redirect _Printf=_PrintfFullNoMb --redirect _Scanf=_ScanfFullNoMb
#        --map
#        E:\Microcontroller\stm32\uc1698u_160x160_F407\EWARM\F407_FSMC_2\List\F407_FSMC_2.map
#        --config
#        E:\Microcontroller\stm32\uc1698u_160x160_F407\EWARM/stm32f407xx_flash.icf
#        --semihosting --entry __iar_program_start --vfe --text_out locale
#        --cpu=Cortex-M4 --fpu=VFPv4_sp) --dependencies=n
#        E:\Microcontroller\stm32\uc1698u_160x160_F407\EWARM\F407_FSMC_2\Exe\F407_FSMC_2.out.iar_deps
#
###############################################################################

*******************************************************************************
*** RUNTIME MODEL ATTRIBUTES
***

CppFlavor       = *
__CPP_Runtime   = 1
__SystemLibrary = DLib
__dlib_version  = 6


*******************************************************************************
*** HEAP SELECTION
***

The basic heap was selected because no calls to memory allocation
functions were found in the application outside of system library
functions, there are calls to deallocation functions in the
application, and the application appears to be primarily
optimized for speed.


*******************************************************************************
*** PLACEMENT SUMMARY
***

"A0":  place at address 0x800'0000 { ro section .intvec };
"P1":  place in [from 0x800'0000 to 0x80f'ffff] { ro };
define block CSTACK with size = 1K, alignment = 8 { };
define block HEAP with size = 512, alignment = 8 { };
"P2":  place in [from 0x2000'0000 to 0x2001'ffff] {
          rw, block CSTACK, block HEAP };
initialize by copy { rw };

  Section            Kind         Address  Aligment    Size  Object
  -------            ----         -------  --------    ----  ------
"A0":                                                 0x188
  .intvec            ro code   0x800'0000         4   0x188  startup_stm32f407xx.o [3]
                             - 0x800'0188             0x188

"P1":                                                0x2cc8
  .rodata            const     0x800'0188         4   0xe34  u8g2_fonts.o [5]
  .rodata            const     0x800'0fbc         4   0x400  main.o [2]
  .text              ro code   0x800'13bc         4   0x240  u8x8_d_uc1611.o [5]
  .text              ro code   0x800'15fc         4    0xfc  u8x8_cad.o [5]
  .text              ro code   0x800'16f8         4    0xce  u8x8_display.o [5]
  .text              ro code   0x800'17c6         2     0xa  u8x8_gpio.o [5]
  .text              ro code   0x800'17d0         4    0x28  u8x8_byte.o [5]
  .text              ro code   0x800'17f8         4   0x208  main.o [2]
  .text              ro code   0x800'1a00         4    0x34  stm32f4xx_hal.o [4]
  .text              ro code   0x800'1a34         4    0x74  gpio.o [2]
  .text              ro code   0x800'1aa8         4    0xfc  fsmc.o [2]
  .text              ro code   0x800'1ba4         4    0x4c  crc.o [2]
  .text              ro code   0x800'1bf0         4    0x3c  u8g2_d_setup.o [5]
  .text              ro code   0x800'1c2c         2    0x1e  u8g2_cleardisplay.o [5]
  .text              ro code   0x800'1c4a         2    0x7e  u8g2_ll_hvline.o [5]
  .text              ro code   0x800'1cc8         4   0x188  u8g2_font.o [5]
  .text              ro code   0x800'1e50         2   0x114  u8g2_hvline.o [5]
  .text              ro code   0x800'1f64         4    0xfe  u8g2_buffer.o [5]
  .text              ro code   0x800'2062         2   0x13e  u8g2_bitmap.o [5]
  .text              ro code   0x800'21a0         4     0xc  stm32f4xx_ll_utils.o [4]
  .text              ro code   0x800'21ac         4    0x48  stm32f4xx_hal.o [4]
  .text              ro code   0x800'21f4         4    0xd0  stm32f4xx_hal_cortex.o [4]
  .text              ro code   0x800'22c4         4    0x38  stm32f4xx_hal_msp.o [2]
  .text              ro code   0x800'22fc         4    0x66  ABImemset.o [8]
  .text              ro code   0x800'2362         2    0x2a  copy_init3.o [8]
  .text              ro code   0x800'238c         4   0x120  stm32f4xx_ll_gpio.o [4]
  .text              ro code   0x800'24ac         4    0x5c  stm32f4xx_hal_sram.o [4]
  .text              ro code   0x800'2508         4   0x1e0  stm32f4xx_hal_gpio.o [4]
  .text              ro code   0x800'26e8         2    0x22  stm32f4xx_hal_crc.o [4]
  .text              ro code   0x800'270c         4    0x58  u8x8_setup.o [5]
  .text              ro code   0x800'2764         4    0x10  u8g2_d_memory.o [5]
  .text              ro code   0x800'2774         4   0x162  u8g2_setup.o [5]
  .text              ro code   0x800'28d6         2    0x56  u8g2_intersection.o [5]
  .text              ro code   0x800'292c         4    0xe0  stm32f4xx_ll_fsmc.o [4]
  .text              ro code   0x800'2a0c         4    0xcc  u8g_arm.o [5]
  .text              ro code   0x800'2ad8         4    0x28  stm32f4xx_hal.o [4]
  .text              ro code   0x800'2b00         4     0xc  stm32f4xx_hal.o [4]
  .rodata            const     0x800'2b0c         4    0x54  u8x8_d_uc1611.o [5]
  .text              ro code   0x800'2b60         2    0x38  zero_init3.o [8]
  .text              ro code   0x800'2b98         4    0x2c  iarttio.o [9]
  .text              ro code   0x800'2bc4         4     0x8  XShttio.o [6]
  .text              ro code   0x800'2bcc         4    0x2a  data_init.o [8]
  .text              ro code   0x800'2bf8         4    0x22  fpinit_M.o [7]
  .iar.init_table    const     0x800'2c1c         4    0x24  - Linker created -
  .text              ro code   0x800'2c40         4    0x1e  cmain.o [8]
  .text              ro code   0x800'2c5e         2     0x4  low_level_init.o [6]
  .text              ro code   0x800'2c62         2     0x4  exit.o [6]
  .text              ro code   0x800'2c68         4     0xa  cexit.o [8]
  .text              ro code   0x800'2c74         4    0x14  exit.o [9]
  .text              ro code   0x800'2c88         4    0x1c  cstartup_M.o [8]
  Initializer bytes  const     0x800'2ca4         4    0x18  <for P2-1>
  .text              ro code   0x800'2cbc         2    0x14  stm32f4xx_it.o [2]
  .text              ro code   0x800'2cd0         4    0x10  stm32f4xx_hal.o [4]
  .text              ro code   0x800'2ce0         4    0x10  startup_stm32f407xx.o [3]
  .text              ro code   0x800'2cf0         4    0x10  system_stm32f4xx.o [1]
  .rodata            const     0x800'2d00         4     0xc  u8g2_setup.o [5]
  .text              ro code   0x800'2d0c         2     0x4  startup_stm32f407xx.o [3]
  .text              ro code   0x800'2d10         2     0x4  startup_stm32f407xx.o [3]
  .text              ro code   0x800'2d14         2     0x4  startup_stm32f407xx.o [3]
  .text              ro code   0x800'2d18         2     0x4  startup_stm32f407xx.o [3]
  .text              ro code   0x800'2d1c         2     0x4  startup_stm32f407xx.o [3]
  .text              ro code   0x800'2d20         2     0x4  startup_stm32f407xx.o [3]
  .text              ro code   0x800'2d24         2     0x4  startup_stm32f407xx.o [3]
  .text              ro code   0x800'2d28         2     0x4  startup_stm32f407xx.o [3]
  .text              ro code   0x800'2d2c         2     0x4  startup_stm32f407xx.o [3]
  .text              ro code   0x800'2d30         2     0x4  startup_stm32f407xx.o [3]
  .text              ro code   0x800'2d34         2     0x4  startup_stm32f407xx.o [3]
  .text              ro code   0x800'2d38         2     0x4  startup_stm32f407xx.o [3]
  .text              ro code   0x800'2d3c         2     0x4  startup_stm32f407xx.o [3]
  .text              ro code   0x800'2d40         2     0x4  startup_stm32f407xx.o [3]
  .text              ro code   0x800'2d44         2     0x4  startup_stm32f407xx.o [3]
  .text              ro code   0x800'2d48         2     0x4  startup_stm32f407xx.o [3]
  .text              ro code   0x800'2d4c         2     0x4  startup_stm32f407xx.o [3]
  .text              ro code   0x800'2d50         2     0x4  startup_stm32f407xx.o [3]
  .text              ro code   0x800'2d54         2     0x4  startup_stm32f407xx.o [3]
  .text              ro code   0x800'2d58         2     0x4  startup_stm32f407xx.o [3]
  .text              ro code   0x800'2d5c         2     0x4  startup_stm32f407xx.o [3]
  .text              ro code   0x800'2d60         2     0x4  startup_stm32f407xx.o [3]
  .text              ro code   0x800'2d64         2     0x4  startup_stm32f407xx.o [3]
  .text              ro code   0x800'2d68         2     0x4  startup_stm32f407xx.o [3]
  .text              ro code   0x800'2d6c         2     0x4  startup_stm32f407xx.o [3]
  .text              ro code   0x800'2d70         2     0x4  startup_stm32f407xx.o [3]
  .text              ro code   0x800'2d74         2     0x4  startup_stm32f407xx.o [3]
  .text              ro code   0x800'2d78         2     0x4  startup_stm32f407xx.o [3]
  .text              ro code   0x800'2d7c         2     0x4  startup_stm32f407xx.o [3]
  .text              ro code   0x800'2d80         2     0x4  startup_stm32f407xx.o [3]
  .text              ro code   0x800'2d84         2     0x4  startup_stm32f407xx.o [3]
  .text              ro code   0x800'2d88         2     0x4  startup_stm32f407xx.o [3]
  .text              ro code   0x800'2d8c         2     0x4  startup_stm32f407xx.o [3]
  .text              ro code   0x800'2d90         2     0x4  startup_stm32f407xx.o [3]
  .text              ro code   0x800'2d94         2     0x4  startup_stm32f407xx.o [3]
  .text              ro code   0x800'2d98         2     0x4  startup_stm32f407xx.o [3]
  .text              ro code   0x800'2d9c         2     0x4  startup_stm32f407xx.o [3]
  .text              ro code   0x800'2da0         2     0x4  startup_stm32f407xx.o [3]
  .text              ro code   0x800'2da4         2     0x4  startup_stm32f407xx.o [3]
  .text              ro code   0x800'2da8         2     0x4  startup_stm32f407xx.o [3]
  .text              ro code   0x800'2dac         2     0x4  startup_stm32f407xx.o [3]
  .text              ro code   0x800'2db0         2     0x4  startup_stm32f407xx.o [3]
  .text              ro code   0x800'2db4         2     0x4  startup_stm32f407xx.o [3]
  .text              ro code   0x800'2db8         2     0x4  startup_stm32f407xx.o [3]
  .text              ro code   0x800'2dbc         2     0x4  startup_stm32f407xx.o [3]
  .text              ro code   0x800'2dc0         2     0x4  startup_stm32f407xx.o [3]
  .text              ro code   0x800'2dc4         2     0x4  startup_stm32f407xx.o [3]
  .text              ro code   0x800'2dc8         2     0x4  startup_stm32f407xx.o [3]
  .text              ro code   0x800'2dcc         2     0x4  startup_stm32f407xx.o [3]
  .text              ro code   0x800'2dd0         2     0x4  startup_stm32f407xx.o [3]
  .text              ro code   0x800'2dd4         2     0x4  startup_stm32f407xx.o [3]
  .text              ro code   0x800'2dd8         2     0x4  startup_stm32f407xx.o [3]
  .text              ro code   0x800'2ddc         2     0x4  startup_stm32f407xx.o [3]
  .text              ro code   0x800'2de0         2     0x4  startup_stm32f407xx.o [3]
  .text              ro code   0x800'2de4         2     0x4  startup_stm32f407xx.o [3]
  .text              ro code   0x800'2de8         2     0x4  startup_stm32f407xx.o [3]
  .text              ro code   0x800'2dec         2     0x4  startup_stm32f407xx.o [3]
  .text              ro code   0x800'2df0         2     0x4  startup_stm32f407xx.o [3]
  .text              ro code   0x800'2df4         2     0x4  startup_stm32f407xx.o [3]
  .text              ro code   0x800'2df8         2     0x4  startup_stm32f407xx.o [3]
  .text              ro code   0x800'2dfc         2     0x4  startup_stm32f407xx.o [3]
  .text              ro code   0x800'2e00         2     0x4  startup_stm32f407xx.o [3]
  .text              ro code   0x800'2e04         2     0x4  startup_stm32f407xx.o [3]
  .text              ro code   0x800'2e08         2     0x4  startup_stm32f407xx.o [3]
  .text              ro code   0x800'2e0c         2     0x4  startup_stm32f407xx.o [3]
  .text              ro code   0x800'2e10         2     0x4  startup_stm32f407xx.o [3]
  .text              ro code   0x800'2e14         2     0x4  startup_stm32f407xx.o [3]
  .text              ro code   0x800'2e18         2     0x4  startup_stm32f407xx.o [3]
  .text              ro code   0x800'2e1c         2     0x4  startup_stm32f407xx.o [3]
  .text              ro code   0x800'2e20         2     0x4  startup_stm32f407xx.o [3]
  .text              ro code   0x800'2e24         2     0x4  startup_stm32f407xx.o [3]
  .text              ro code   0x800'2e28         2     0x4  startup_stm32f407xx.o [3]
  .text              ro code   0x800'2e2c         2     0x4  startup_stm32f407xx.o [3]
  .text              ro code   0x800'2e30         2     0x4  startup_stm32f407xx.o [3]
  .text              ro code   0x800'2e34         2     0x4  startup_stm32f407xx.o [3]
  .text              ro code   0x800'2e38         2     0x4  startup_stm32f407xx.o [3]
  .text              ro code   0x800'2e3c         2     0x4  startup_stm32f407xx.o [3]
  .text              ro code   0x800'2e40         2     0x4  startup_stm32f407xx.o [3]
  .text              ro code   0x800'2e44         2     0x4  startup_stm32f407xx.o [3]
  .text              ro code   0x800'2e48         2     0x4  startup_stm32f407xx.o [3]
  .text              ro code   0x800'2e4c         2     0x4  startup_stm32f407xx.o [3]
  .rodata            const     0x800'2e50               0x0  zero_init3.o [8]
  .rodata            const     0x800'2e50               0x0  copy_init3.o [8]
                             - 0x800'2e50            0x2cc8

"P2", part 1 of 3:                                     0x18
  P2-1                        0x2000'0000         4    0x18  <Init block>
    .data            inited   0x2000'0000         4     0xc  stm32f4xx_hal.o [4]
    .data            inited   0x2000'000c         4     0x4  system_stm32f4xx.o [1]
    .data            inited   0x2000'0010         4     0x8  XShttio.o [6]
                            - 0x2000'0018              0x18

"P2", part 2 of 3:                                    0xd74
  .bss               zero     0x2000'0018         4   0xc80  u8g2_d_memory.o [5]
  .bss               zero     0x2000'0c98         4    0x94  main.o [2]
  .bss               zero     0x2000'0d2c         4    0x50  fsmc.o [2]
  .bss               zero     0x2000'0d7c         4     0x8  crc.o [2]
  .bss               zero     0x2000'0d84         4     0x4  fsmc.o [2]
  .bss               zero     0x2000'0d88         4     0x4  u8g_arm.o [5]
                            - 0x2000'0d8c             0xd74

"P2", part 3 of 3:                                    0x400
  CSTACK                      0x2000'0d90         8   0x400  <Block>
    CSTACK           uninit   0x2000'0d90             0x400  <Block tail>
                            - 0x2000'1190             0x400

Unused ranges:

         From           To      Size
         ----           --      ----
   0x800'2e50   0x80f'ffff  0xf'd1b0
  0x2000'0d8c  0x2000'0d8f       0x4
  0x2000'1190  0x2001'ffff  0x1'ee70


*******************************************************************************
*** INIT TABLE
***

          Address      Size
          -------      ----
Zero (__iar_zero_init3)
    1 destination range, total size 0xd74:
          0x2000'0018  0xd74

Copy (__iar_copy_init3)
    1 source range, total size 0x18:
           0x800'2ca4   0x18
    1 destination range, total size 0x18:
          0x2000'0000   0x18



*******************************************************************************
*** MODULE SUMMARY
***

    Module                  ro code  ro data  rw data
    ------                  -------  -------  -------
command line/config:
    -------------------------------------------------
    Total:

E:\Microcontroller\stm32\uc1698u_160x160_F407\EWARM\F407_FSMC_2\Obj\CMSIS_6603591812247902717.dir: [1]
    system_stm32f4xx.o           16        4        4
    -------------------------------------------------
    Total:                       16        4        4

E:\Microcontroller\stm32\uc1698u_160x160_F407\EWARM\F407_FSMC_2\Obj\Core_13247989168731456611.dir: [2]
    crc.o                        76                 8
    fsmc.o                      252                84
    gpio.o                      116
    main.o                      520    1'024      148
    stm32f4xx_hal_msp.o          56
    stm32f4xx_it.o               20
    -------------------------------------------------
    Total:                    1'040    1'024      240

E:\Microcontroller\stm32\uc1698u_160x160_F407\EWARM\F407_FSMC_2\Obj\EWARM_18443280873093131863.dir: [3]
    startup_stm32f407xx.o       732
    -------------------------------------------------
    Total:                      732

E:\Microcontroller\stm32\uc1698u_160x160_F407\EWARM\F407_FSMC_2\Obj\STM32F4xx_HAL_Driver_1244631019742807970.dir: [4]
    stm32f4xx_hal.o             192       12       12
    stm32f4xx_hal_cortex.o      208
    stm32f4xx_hal_crc.o          34
    stm32f4xx_hal_gpio.o        480
    stm32f4xx_hal_sram.o         92
    stm32f4xx_ll_fsmc.o         224
    stm32f4xx_ll_gpio.o         288
    stm32f4xx_ll_utils.o         12
    -------------------------------------------------
    Total:                    1'530       12       12

E:\Microcontroller\stm32\uc1698u_160x160_F407\EWARM\F407_FSMC_2\Obj\u8g2_2410607877290784044.dir: [5]
    u8g2_bitmap.o               318
    u8g2_buffer.o               254
    u8g2_cleardisplay.o          30
    u8g2_d_memory.o              16             3'200
    u8g2_d_setup.o               60
    u8g2_font.o                 392
    u8g2_fonts.o                       3'636
    u8g2_hvline.o               276
    u8g2_intersection.o          86
    u8g2_ll_hvline.o            126
    u8g2_setup.o                354       12
    u8g_arm.o                   204                 4
    u8x8_byte.o                  40
    u8x8_cad.o                  252
    u8x8_d_uc1611.o             576       84
    u8x8_display.o              206
    u8x8_gpio.o                  10
    u8x8_setup.o                 88
    -------------------------------------------------
    Total:                    3'288    3'732    3'204

dl7M_tlf.a: [6]
    XShttio.o                     8        8        8
    exit.o                        4
    low_level_init.o              4
    -------------------------------------------------
    Total:                       16        8        8

m7M_tls.a: [7]
    fpinit_M.o                   34
    -------------------------------------------------
    Total:                       34

rt7M_tl.a: [8]
    ABImemset.o                 102
    cexit.o                      10
    cmain.o                      30
    copy_init3.o                 42
    cstartup_M.o                 28
    data_init.o                  42
    zero_init3.o                 56
    -------------------------------------------------
    Total:                      310

shb_l.a: [9]
    exit.o                       20
    iarttio.o                    44
    -------------------------------------------------
    Total:                       64

    Gaps                          8        2
    Linker created                        36    1'024
-----------------------------------------------------
    Grand Total:              7'038    4'818    4'492


*******************************************************************************
*** ENTRY LIST
***

Entry                       Address   Size  Type      Object
-----                       -------   ----  ----      ------
.iar.init_table$$Base    0x800'2c1c          --   Gb  - Linker created -
.iar.init_table$$Limit   0x800'2c40          --   Gb  - Linker created -
?main                    0x800'2c41         Code  ??  cmain.o [8]
ADC_IRQHandler           0x800'2d55         Code  Wk  startup_stm32f407xx.o [3]
BusFault_Handler         0x800'2cc3    0x2  Code  ??  stm32f4xx_it.o [2]
CAN1_RX0_IRQHandler      0x800'2d5d         Code  Wk  startup_stm32f407xx.o [3]
CAN1_RX1_IRQHandler      0x800'2d61         Code  Wk  startup_stm32f407xx.o [3]
CAN1_SCE_IRQHandler      0x800'2d65         Code  Wk  startup_stm32f407xx.o [3]
CAN1_TX_IRQHandler       0x800'2d59         Code  Wk  startup_stm32f407xx.o [3]
CAN2_RX0_IRQHandler      0x800'2e0d         Code  Wk  startup_stm32f407xx.o [3]
CAN2_RX1_IRQHandler      0x800'2e11         Code  Wk  startup_stm32f407xx.o [3]
CAN2_SCE_IRQHandler      0x800'2e15         Code  Wk  startup_stm32f407xx.o [3]
CAN2_TX_IRQHandler       0x800'2e09         Code  Wk  startup_stm32f407xx.o [3]
CSTACK$$Base            0x2000'0d90          --   Gb  - Linker created -
CSTACK$$Limit           0x2000'1190          --   ??  - Linker created -
DCMI_IRQHandler          0x800'2e45         Code  Wk  startup_stm32f407xx.o [3]
DMA1_Stream0_IRQHandler
                         0x800'2d39         Code  Wk  startup_stm32f407xx.o [3]
DMA1_Stream1_IRQHandler
                         0x800'2d3d         Code  Wk  startup_stm32f407xx.o [3]
DMA1_Stream2_IRQHandler
                         0x800'2d41         Code  Wk  startup_stm32f407xx.o [3]
DMA1_Stream3_IRQHandler
                         0x800'2d45         Code  Wk  startup_stm32f407xx.o [3]
DMA1_Stream4_IRQHandler
                         0x800'2d49         Code  Wk  startup_stm32f407xx.o [3]
DMA1_Stream5_IRQHandler
                         0x800'2d4d         Code  Wk  startup_stm32f407xx.o [3]
DMA1_Stream6_IRQHandler
                         0x800'2d51         Code  Wk  startup_stm32f407xx.o [3]
DMA1_Stream7_IRQHandler
                         0x800'2dc9         Code  Wk  startup_stm32f407xx.o [3]
DMA2_Stream0_IRQHandler
                         0x800'2ded         Code  Wk  startup_stm32f407xx.o [3]
DMA2_Stream1_IRQHandler
                         0x800'2df1         Code  Wk  startup_stm32f407xx.o [3]
DMA2_Stream2_IRQHandler
                         0x800'2df5         Code  Wk  startup_stm32f407xx.o [3]
DMA2_Stream3_IRQHandler
                         0x800'2df9         Code  Wk  startup_stm32f407xx.o [3]
DMA2_Stream4_IRQHandler
                         0x800'2dfd         Code  Wk  startup_stm32f407xx.o [3]
DMA2_Stream5_IRQHandler
                         0x800'2e1d         Code  Wk  startup_stm32f407xx.o [3]
DMA2_Stream6_IRQHandler
                         0x800'2e21         Code  Wk  startup_stm32f407xx.o [3]
DMA2_Stream7_IRQHandler
                         0x800'2e25         Code  Wk  startup_stm32f407xx.o [3]
DebugMon_Handler         0x800'2cc9    0x2  Code  ??  stm32f4xx_it.o [2]
ETH_IRQHandler           0x800'2e01         Code  Wk  startup_stm32f407xx.o [3]
ETH_WKUP_IRQHandler      0x800'2e05         Code  Wk  startup_stm32f407xx.o [3]
EXTI0_IRQHandler         0x800'2d25         Code  Wk  startup_stm32f407xx.o [3]
EXTI15_10_IRQHandler     0x800'2dad         Code  Wk  startup_stm32f407xx.o [3]
EXTI1_IRQHandler         0x800'2d29         Code  Wk  startup_stm32f407xx.o [3]
EXTI2_IRQHandler         0x800'2d2d         Code  Wk  startup_stm32f407xx.o [3]
EXTI3_IRQHandler         0x800'2d31         Code  Wk  startup_stm32f407xx.o [3]
EXTI4_IRQHandler         0x800'2d35         Code  Wk  startup_stm32f407xx.o [3]
EXTI9_5_IRQHandler       0x800'2d69         Code  Wk  startup_stm32f407xx.o [3]
Error_Handler            0x800'19fd    0x4  Code  ??  main.o [2]
FLASH_IRQHandler         0x800'2d1d         Code  Wk  startup_stm32f407xx.o [3]
FPU_IRQHandler           0x800'2e4d         Code  Wk  startup_stm32f407xx.o [3]
FSMC_IRQHandler          0x800'2dcd         Code  Wk  startup_stm32f407xx.o [3]
FSMC_Initialized        0x2000'0d84    0x4  Data  Lc  fsmc.o [2]
FSMC_NORSRAM_Extended_Timing_Init
                         0x800'29c7   0x3e  Code  ??  stm32f4xx_ll_fsmc.o [4]
FSMC_NORSRAM_Init        0x800'292d   0x64  Code  ??  stm32f4xx_ll_fsmc.o [4]
FSMC_NORSRAM_Timing_Init
                         0x800'2991   0x36  Code  ??  stm32f4xx_ll_fsmc.o [4]
FSMC_PTR                0x2000'0d88    0x4  Data  ??  u8g_arm.o [5]
Fsmc_out                 0x800'2ac1    0x8  Code  ??  u8g_arm.o [5]
HAL_CRC_Init             0x800'26e9   0x22  Code  ??  stm32f4xx_hal_crc.o [4]
HAL_CRC_MspInit          0x800'1bbf   0x26  Code  ??  crc.o [2]
HAL_Delay                0x800'2ad9   0x28  Code  Wk  stm32f4xx_hal.o [4]
HAL_FSMC_MspInit         0x800'1b17   0x72  Code  Lc  fsmc.o [2]
HAL_GPIO_Init            0x800'2509  0x1b4  Code  ??  stm32f4xx_hal_gpio.o [4]
HAL_GetTick              0x800'2b01    0xc  Code  Wk  stm32f4xx_hal.o [4]
HAL_IncTick              0x800'2cd1   0x10  Code  Wk  stm32f4xx_hal.o [4]
HAL_Init                 0x800'1a01   0x30  Code  ??  stm32f4xx_hal.o [4]
HAL_InitTick             0x800'21ad   0x48  Code  Wk  stm32f4xx_hal.o [4]
HAL_MspInit              0x800'22c5   0x38  Code  ??  stm32f4xx_hal_msp.o [2]
HAL_NVIC_SetPriority     0x800'2295   0x1e  Code  ??  stm32f4xx_hal_cortex.o [4]
HAL_NVIC_SetPriorityGrouping
                         0x800'2293    0x2  Code  ??  stm32f4xx_hal_cortex.o [4]
HAL_SRAM_Init            0x800'24ad   0x5c  Code  ??  stm32f4xx_hal_sram.o [4]
HAL_SRAM_MspInit         0x800'1b89    0x2  Code  ??  fsmc.o [2]
HAL_SYSTICK_Config       0x800'22b3    0x2  Code  ??  stm32f4xx_hal_cortex.o [4]
HASH_RNG_IRQHandler      0x800'2e49         Code  Wk  startup_stm32f407xx.o [3]
HardFault_Handler        0x800'2cbf    0x2  Code  ??  stm32f4xx_it.o [2]
I2C1_ER_IRQHandler       0x800'2d8d         Code  Wk  startup_stm32f407xx.o [3]
I2C1_EV_IRQHandler       0x800'2d89         Code  Wk  startup_stm32f407xx.o [3]
I2C2_ER_IRQHandler       0x800'2d95         Code  Wk  startup_stm32f407xx.o [3]
I2C2_EV_IRQHandler       0x800'2d91         Code  Wk  startup_stm32f407xx.o [3]
I2C3_ER_IRQHandler       0x800'2e31         Code  Wk  startup_stm32f407xx.o [3]
I2C3_EV_IRQHandler       0x800'2e2d         Code  Wk  startup_stm32f407xx.o [3]
LL_AHB1_GRP1_EnableClock
                         0x800'1a35   0x16  Code  Lc  gpio.o [2]
LL_FLASH_GetLatency      0x800'189b    0xa  Code  Lc  main.o [2]
LL_FLASH_SetLatency      0x800'188d    0xe  Code  Lc  main.o [2]
LL_GPIO_Init             0x800'2431   0x7c  Code  ??  stm32f4xx_ll_gpio.o [4]
LL_GPIO_ResetOutputPin   0x800'1a4b    0x6  Code  Lc  gpio.o [2]
LL_GPIO_ResetOutputPin   0x800'2a11    0x6  Code  Lc  u8g_arm.o [5]
LL_GPIO_SetAFPin_0_7     0x800'23f3   0x1e  Code  Lc  stm32f4xx_ll_gpio.o [4]
LL_GPIO_SetAFPin_8_15    0x800'2411   0x20  Code  Lc  stm32f4xx_ll_gpio.o [4]
LL_GPIO_SetOutputPin     0x800'2a0d    0x4  Code  Lc  u8g_arm.o [5]
LL_GPIO_SetPinMode       0x800'238d   0x1e  Code  Lc  stm32f4xx_ll_gpio.o [4]
LL_GPIO_SetPinOutputType
                         0x800'23ab    0xc  Code  Lc  stm32f4xx_ll_gpio.o [4]
LL_GPIO_SetPinPull       0x800'23d5   0x1e  Code  Lc  stm32f4xx_ll_gpio.o [4]
LL_GPIO_SetPinSpeed      0x800'23b7   0x1e  Code  Lc  stm32f4xx_ll_gpio.o [4]
LL_PWR_IsActiveFlag_VOS
                         0x800'18b3    0xc  Code  Lc  main.o [2]
LL_PWR_SetRegulVoltageScaling
                         0x800'18a5    0xe  Code  Lc  main.o [2]
LL_RCC_GetSysClkSource   0x800'181f    0xa  Code  Lc  main.o [2]
LL_RCC_HSE_Enable        0x800'17f9    0xc  Code  Lc  main.o [2]
LL_RCC_HSE_IsReady       0x800'1805    0xc  Code  Lc  main.o [2]
LL_RCC_PLL_ConfigDomain_SYS
                         0x800'186b   0x22  Code  Lc  main.o [2]
LL_RCC_PLL_Enable        0x800'1853    0xc  Code  Lc  main.o [2]
LL_RCC_PLL_IsReady       0x800'185f    0xc  Code  Lc  main.o [2]
LL_RCC_SetAHBPrescaler   0x800'1829    0xe  Code  Lc  main.o [2]
LL_RCC_SetAPB1Prescaler
                         0x800'1837    0xe  Code  Lc  main.o [2]
LL_RCC_SetAPB2Prescaler
                         0x800'1845    0xe  Code  Lc  main.o [2]
LL_RCC_SetSysClkSource   0x800'1811    0xe  Code  Lc  main.o [2]
LL_SetSystemCoreClock    0x800'21a1    0x6  Code  ??  stm32f4xx_ll_utils.o [4]
MX_CRC_Init              0x800'1ba5   0x1a  Code  ??  crc.o [2]
MX_FSMC_Init             0x800'1aa9   0x6e  Code  ??  fsmc.o [2]
MX_GPIO_Init             0x800'1a51   0x50  Code  ??  gpio.o [2]
MemManage_Handler        0x800'2cc1    0x2  Code  ??  stm32f4xx_it.o [2]
NMI_Handler              0x800'2cbd    0x2  Code  ??  stm32f4xx_it.o [2]
NVIC_EncodePriority      0x800'222f   0x36  Code  Lc  stm32f4xx_hal_cortex.o [4]
OTG_FS_IRQHandler        0x800'2e19         Code  Wk  startup_stm32f407xx.o [3]
OTG_FS_WKUP_IRQHandler   0x800'2db5         Code  Wk  startup_stm32f407xx.o [3]
OTG_HS_EP1_IN_IRQHandler
                         0x800'2e39         Code  Wk  startup_stm32f407xx.o [3]
OTG_HS_EP1_OUT_IRQHandler
                         0x800'2e35         Code  Wk  startup_stm32f407xx.o [3]
OTG_HS_IRQHandler        0x800'2e41         Code  Wk  startup_stm32f407xx.o [3]
OTG_HS_WKUP_IRQHandler   0x800'2e3d         Code  Wk  startup_stm32f407xx.o [3]
PVD_IRQHandler           0x800'2d11         Code  Wk  startup_stm32f407xx.o [3]
PendSV_Handler           0x800'2ccb    0x2  Code  ??  stm32f4xx_it.o [2]
RCC_IRQHandler           0x800'2d21         Code  Wk  startup_stm32f407xx.o [3]
RTC_Alarm_IRQHandler     0x800'2db1         Code  Wk  startup_stm32f407xx.o [3]
RTC_WKUP_IRQHandler      0x800'2d19         Code  Wk  startup_stm32f407xx.o [3]
Region$$Table$$Base      0x800'2c1c          --   ??  - Linker created -
Region$$Table$$Limit     0x800'2c40          --   ??  - Linker created -
Reset_Handler            0x800'2ce1         Code  Wk  startup_stm32f407xx.o [3]
SDIO_IRQHandler          0x800'2dd1         Code  Wk  startup_stm32f407xx.o [3]
SPI1_IRQHandler          0x800'2d99         Code  Wk  startup_stm32f407xx.o [3]
SPI2_IRQHandler          0x800'2d9d         Code  Wk  startup_stm32f407xx.o [3]
SPI3_IRQHandler          0x800'2dd9         Code  Wk  startup_stm32f407xx.o [3]
SVC_Handler              0x800'2cc7    0x2  Code  ??  stm32f4xx_it.o [2]
SysTick_Config           0x800'2265   0x2e  Code  Lc  stm32f4xx_hal_cortex.o [4]
SysTick_Handler          0x800'2ccd    0x4  Code  ??  stm32f4xx_it.o [2]
SystemClock_Config       0x800'1941   0x82  Code  ??  main.o [2]
SystemCoreClock         0x2000'000c    0x4  Data  ??  system_stm32f4xx.o [1]
SystemInit               0x800'2cf1    0xc  Code  ??  system_stm32f4xx.o [1]
TAMP_STAMP_IRQHandler    0x800'2d15         Code  Wk  startup_stm32f407xx.o [3]
TIM1_BRK_TIM9_IRQHandler
                         0x800'2d6d         Code  Wk  startup_stm32f407xx.o [3]
TIM1_CC_IRQHandler       0x800'2d79         Code  Wk  startup_stm32f407xx.o [3]
TIM1_TRG_COM_TIM11_IRQHandler
                         0x800'2d75         Code  Wk  startup_stm32f407xx.o [3]
TIM1_UP_TIM10_IRQHandler
                         0x800'2d71         Code  Wk  startup_stm32f407xx.o [3]
TIM2_IRQHandler          0x800'2d7d         Code  Wk  startup_stm32f407xx.o [3]
TIM3_IRQHandler          0x800'2d81         Code  Wk  startup_stm32f407xx.o [3]
TIM4_IRQHandler          0x800'2d85         Code  Wk  startup_stm32f407xx.o [3]
TIM5_IRQHandler          0x800'2dd5         Code  Wk  startup_stm32f407xx.o [3]
TIM6_DAC_IRQHandler      0x800'2de5         Code  Wk  startup_stm32f407xx.o [3]
TIM7_IRQHandler          0x800'2de9         Code  Wk  startup_stm32f407xx.o [3]
TIM8_BRK_TIM12_IRQHandler
                         0x800'2db9         Code  Wk  startup_stm32f407xx.o [3]
TIM8_CC_IRQHandler       0x800'2dc5         Code  Wk  startup_stm32f407xx.o [3]
TIM8_TRG_COM_TIM14_IRQHandler
                         0x800'2dc1         Code  Wk  startup_stm32f407xx.o [3]
TIM8_UP_TIM13_IRQHandler
                         0x800'2dbd         Code  Wk  startup_stm32f407xx.o [3]
UART4_IRQHandler         0x800'2ddd         Code  Wk  startup_stm32f407xx.o [3]
UART5_IRQHandler         0x800'2de1         Code  Wk  startup_stm32f407xx.o [3]
USART1_IRQHandler        0x800'2da1         Code  Wk  startup_stm32f407xx.o [3]
USART2_IRQHandler        0x800'2da5         Code  Wk  startup_stm32f407xx.o [3]
USART3_IRQHandler        0x800'2da9         Code  Wk  startup_stm32f407xx.o [3]
USART6_IRQHandler        0x800'2e29         Code  Wk  startup_stm32f407xx.o [3]
UsageFault_Handler       0x800'2cc5    0x2  Code  ??  stm32f4xx_it.o [2]
WWDG_IRQHandler          0x800'2d0d         Code  Wk  startup_stm32f407xx.o [3]
__NVIC_GetPriorityGrouping
                         0x800'2209    0xa  Code  Lc  stm32f4xx_hal_cortex.o [4]
__NVIC_SetPriority       0x800'2215   0x1a  Code  Lc  stm32f4xx_hal_cortex.o [4]
__NVIC_SetPriorityGrouping
                         0x800'21f5   0x14  Code  Lc  stm32f4xx_hal_cortex.o [4]
__aeabi_memset           0x800'22fd         Code  ??  ABImemset.o [8]
__cmain                  0x800'2c41         Code  ??  cmain.o [8]
__exit                   0x800'2c75   0x14  Code  ??  exit.o [9]
__iar_Memset             0x800'22fd         Code  ??  ABImemset.o [8]
__iar_Memset_word        0x800'2305         Code  ??  ABImemset.o [8]
__iar_close_ttio         0x800'2b99   0x2c  Code  ??  iarttio.o [9]
__iar_copy_init3         0x800'2363   0x2a  Code  ??  copy_init3.o [8]
__iar_data_init3         0x800'2bcd   0x18  Code  ??  data_init.o [8]
__iar_init_vfp           0x800'2bf9         Code  ??  fpinit_M.o [7]
__iar_lookup_ttioh       0x800'2bc5    0x8  Code  ??  XShttio.o [6]
__iar_program_start      0x800'2c89         Code  ??  cstartup_M.o [8]
__iar_ttio_handles      0x2000'0010    0x8  Data  Lc  XShttio.o [6]
__iar_zero_init3         0x800'2b61   0x38  Code  ??  zero_init3.o [8]
__low_level_init         0x800'2c5f    0x4  Code  ??  low_level_init.o [6]
__vector_table           0x800'0000         Data  ??  startup_stm32f407xx.o [3]
_call_main               0x800'2c4d         Code  ??  cmain.o [8]
_exit                    0x800'2c69         Code  ??  cexit.o [8]
exit                     0x800'2c63    0x4  Code  ??  exit.o [6]
hcrc                    0x2000'0d7c    0x8  Data  ??  crc.o [2]
hsram1                  0x2000'0d2c   0x50  Data  ??  fsmc.o [2]
lut_nibble               0x800'15c4   0x20  Data  Lc  u8x8_d_uc1611.o [5]
main                     0x800'18bf   0x82  Code  ??  main.o [2]
u8g2                    0x2000'0c98   0x94  Data  ??  main.o [2]
u8g2_ClearBuffer         0x800'1f65   0x16  Code  ??  u8g2_buffer.o [5]
u8g2_ClearDisplay        0x800'1c2d   0x1e  Code  ??  u8g2_cleardisplay.o [5]
u8g2_DrawHVLine          0x800'1eb5   0xa0  Code  ??  u8g2_hvline.o [5]
u8g2_DrawHXBM            0x800'2063   0xe6  Code  ??  u8g2_bitmap.o [5]
u8g2_DrawXBM             0x800'2149   0x58  Code  ??  u8g2_bitmap.o [5]
u8g2_FirstPage           0x800'2003   0x1c  Code  ??  u8g2_buffer.o [5]
u8g2_IsIntersection      0x800'2903   0x2a  Code  ??  u8g2_intersection.o [5]
u8g2_NextPage            0x800'201f   0x44  Code  ??  u8g2_buffer.o [5]
u8g2_SendBuffer          0x800'1fd5   0x12  Code  ??  u8g2_buffer.o [5]
u8g2_SetBufferCurrTileRow
                         0x800'1fe7   0x1c  Code  ??  u8g2_buffer.o [5]
u8g2_SetDrawColor        0x800'1f55   0x10  Code  ??  u8g2_hvline.o [5]
u8g2_SetFont             0x800'1e2f   0x1e  Code  ??  u8g2_font.o [5]
u8g2_SetFontMode         0x800'1da9    0x6  Code  ??  u8g2_font.o [5]
u8g2_SetFontPosBaseline
                         0x800'1e29    0x6  Code  ??  u8g2_font.o [5]
u8g2_SetMaxClipWindow    0x800'2775   0x18  Code  ??  u8g2_setup.o [5]
u8g2_SetupBuffer         0x800'278d   0x4a  Code  ??  u8g2_setup.o [5]
u8g2_Setup_uc1611_cg160160_f
                         0x800'1bf1   0x30  Code  ??  u8g2_d_setup.o [5]
u8g2_UpdateRefHeight     0x800'1daf   0x76  Code  ??  u8g2_font.o [5]
u8g2_apply_clip_window   0x800'2815   0x6c  Code  Lc  u8g2_setup.o [5]
u8g2_cb_r2               0x800'2d00    0xc  Data  ??  u8g2_setup.o [5]
u8g2_clip_intersection2
                         0x800'1e51   0x50  Code  Lc  u8g2_hvline.o [5]
u8g2_draw_hv_line_2dir   0x800'1ea1   0x14  Code  ??  u8g2_hvline.o [5]
u8g2_draw_l90_r2         0x800'28a9   0x2e  Code  ??  u8g2_setup.o [5]
u8g2_font_calc_vref_font
                         0x800'1e25    0x4  Code  ??  u8g2_font.o [5]
u8g2_font_get_byte       0x800'1cc9    0x4  Code  Lc  u8g2_font.o [5]
u8g2_font_get_word       0x800'1ccd    0xc  Code  Lc  u8g2_font.o [5]
u8g2_font_logisoso18_tf
                         0x800'0188  0xe34  Data  ??  u8g2_fonts.o [5]
u8g2_is_intersection_decision_tree
                         0x800'28d7   0x2c  Code  ??  u8g2_intersection.o [5]
u8g2_ll_hvline_horizontal_right_lsb
                         0x800'1c4b   0x7e  Code  ??  u8g2_ll_hvline.o [5]
u8g2_logo_128x64_bits    0x800'0fbc  0x400  Data  Lc  main.o [2]
u8g2_m_20_20_f           0x800'2765    0xa  Code  ??  u8g2_d_memory.o [5]
u8g2_m_20_20_f::buf     0x2000'0018  0xc80  Data  Lc  u8g2_d_memory.o [5]
u8g2_read_font_info      0x800'1cd9   0xd0  Code  ??  u8g2_font.o [5]
u8g2_send_buffer         0x800'1f99   0x3c  Code  Lc  u8g2_buffer.o [5]
u8g2_send_tile_row       0x800'1f7b   0x1e  Code  Lc  u8g2_buffer.o [5]
u8g2_update_dimension_common
                         0x800'27d7   0x3e  Code  Lc  u8g2_setup.o [5]
u8g2_update_dimension_r2
                         0x800'2881    0x2  Code  ??  u8g2_setup.o [5]
u8g2_update_page_win_r2
                         0x800'2883   0x26  Code  ??  u8g2_setup.o [5]
u8x8_DrawTile            0x800'1763   0x1e  Code  ??  u8x8_display.o [5]
u8x8_InitDisplay         0x800'178f    0xe  Code  ??  u8x8_display.o [5]
u8x8_RefreshDisplay      0x800'17b9    0xe  Code  ??  u8x8_display.o [5]
u8x8_SetContrast         0x800'17ab    0xe  Code  ??  u8x8_display.o [5]
u8x8_SetPowerSave        0x800'179d    0xe  Code  ??  u8x8_display.o [5]
u8x8_Setup               0x800'2739   0x2c  Code  ??  u8x8_setup.o [5]
u8x8_SetupDefaults       0x800'2711   0x22  Code  ??  u8x8_setup.o [5]
u8x8_SetupMemory         0x800'1781    0xe  Code  ??  u8x8_display.o [5]
u8x8_byte_SendByte       0x800'17ed    0xc  Code  ??  u8x8_byte.o [5]
u8x8_byte_SendBytes      0x800'17df    0xe  Code  ??  u8x8_byte.o [5]
u8x8_byte_SetDC          0x800'17d1    0xe  Code  ??  u8x8_byte.o [5]
u8x8_byte_hw_fsmc        0x800'2a83   0x3e  Code  ??  u8g_arm.o [5]
u8x8_cad_001             0x800'16ad   0x4a  Code  ??  u8x8_cad.o [5]
u8x8_cad_EndTransfer     0x800'1635    0xe  Code  ??  u8x8_cad.o [5]
u8x8_cad_SendArg         0x800'160b    0xe  Code  ??  u8x8_cad.o [5]
u8x8_cad_SendCmd         0x800'15fd    0xe  Code  ??  u8x8_cad.o [5]
u8x8_cad_SendData        0x800'1619    0xe  Code  ??  u8x8_cad.o [5]
u8x8_cad_SendSequence    0x800'1643   0x6a  Code  ??  u8x8_cad.o [5]
u8x8_cad_StartTransfer   0x800'1627    0xe  Code  ??  u8x8_cad.o [5]
u8x8_d_helper_display_init
                         0x800'1703   0x60  Code  ??  u8x8_display.o [5]
u8x8_d_helper_display_setup_memory
                         0x800'16f9    0xa  Code  ??  u8x8_display.o [5]
u8x8_d_uc1611_cg160160   0x800'1515   0x8a  Code  ??  u8x8_d_uc1611.o [5]
u8x8_d_uc1611_cg160160_init_seq
                         0x800'2b0c   0x54  Data  Lc  u8x8_d_uc1611.o [5]
u8x8_d_uc1611_common     0x800'13bd  0x158  Code  ??  u8x8_d_uc1611.o [5]
u8x8_d_uc1611s_flip0_seq
                         0x800'15b4    0x8  Data  Lc  u8x8_d_uc1611.o [5]
u8x8_d_uc1611s_flip1_seq
                         0x800'15bc    0x8  Data  Lc  u8x8_d_uc1611.o [5]
u8x8_d_uc1611s_powersave0_seq
                         0x800'15a4    0x8  Data  Lc  u8x8_d_uc1611.o [5]
u8x8_d_uc1611s_powersave1_seq
                         0x800'15ac    0x8  Data  Lc  u8x8_d_uc1611.o [5]
u8x8_dummy_cb            0x800'270d    0x4  Code  ??  u8x8_setup.o [5]
u8x8_gpio_and_delay_template
                         0x800'2a17   0x6c  Code  ??  u8g_arm.o [5]
u8x8_gpio_call           0x800'17c7    0xa  Code  ??  u8x8_gpio.o [5]
u8x8_uc1611_cg160160_display_info
                         0x800'15e4   0x18  Data  Lc  u8x8_d_uc1611.o [5]
uwTick                  0x2000'0004    0x4  Data  ??  stm32f4xx_hal.o [4]
uwTickFreq              0x2000'0000    0x1  Data  ??  stm32f4xx_hal.o [4]
uwTickPrio              0x2000'0008    0x4  Data  ??  stm32f4xx_hal.o [4]


[1] = E:\Microcontroller\stm32\uc1698u_160x160_F407\EWARM\F407_FSMC_2\Obj\CMSIS_6603591812247902717.dir
[2] = E:\Microcontroller\stm32\uc1698u_160x160_F407\EWARM\F407_FSMC_2\Obj\Core_13247989168731456611.dir
[3] = E:\Microcontroller\stm32\uc1698u_160x160_F407\EWARM\F407_FSMC_2\Obj\EWARM_18443280873093131863.dir
[4] = E:\Microcontroller\stm32\uc1698u_160x160_F407\EWARM\F407_FSMC_2\Obj\STM32F4xx_HAL_Driver_1244631019742807970.dir
[5] = E:\Microcontroller\stm32\uc1698u_160x160_F407\EWARM\F407_FSMC_2\Obj\u8g2_2410607877290784044.dir
[6] = dl7M_tlf.a
[7] = m7M_tls.a
[8] = rt7M_tl.a
[9] = shb_l.a

  7'038 bytes of readonly  code memory
  4'818 bytes of readonly  data memory
  4'492 bytes of readwrite data memory

Errors: none
Warnings: none
